16.6647 	WARNING 	Monitor specification not found. Creating a temporary one...
16.6824 	WARNING 	User requested fullscreen with size [1920 1080], but screen is actually [2240, 1260]. Using actual size
18.1444 	WARNING 	Couldn't measure a consistent frame rate!
  - Is your graphics card set to sync to vertical blank?
  - Are you running other processes on your computer?

18.1449 	EXP 	Created window1 = Window(allowGUI=True, allowStencil=False, autoLog=True, backendConf=UNKNOWN, backgroundFit=<method-wrapper '__getattribute__' of attributeSetter object at 0x149155690>, backgroundImage=<method-wrapper '__getattribute__' of attributeSetter object at 0x149155630>, bitsMode=UNKNOWN, blendMode='avg', bpc=(8, 8, 8), color=array([-1, -1, -1]), colorSpace='rgb', depthBits=8, fullscr=True, gamma=None, gammaErrorPolicy='raise', infoMsg=UNKNOWN, lms=UNKNOWN, monitor=<psychopy.monitors.calibTools.Monitor object at 0x148dec610>, multiSample=False, name='window1', numSamples=2, pos=[np.float64(0.0), np.float64(0.0)], screen=0, size=array([4480, 2520]), stencilBits=0, stereo=False, title='PsychoPy', units='height', useFBO=False, useRetina=True, viewOri=0.0, viewPos=None, viewScale=None, waitBlanking=True, winType='pyglet')
18.1449 	EXP 	window1: backgroundImage = None
18.1450 	EXP 	window1: backgroundFit = 'cover'
18.1483 	EXP 	window1: Attempting to measure frame rate of screen (0) ...
18.1483 	EXP 	window1: recordFrameIntervals = False
18.2335 	EXP 	window1: recordFrameIntervals = True
19.0668 	WARNING 	Couldn't measure a consistent frame rate!
  - Is your graphics card set to sync to vertical blank?
  - Are you running other processes on your computer?

19.1103 	EXP 	Created unnamed TextStim = TextStim(__class__=<class 'psychopy.visual.text.TextStim'>, alignHoriz=method-wrapper(...), alignText='center', alignVert=method-wrapper(...), anchorHoriz='center', anchorVert='center', antialias=True, autoDraw=False, autoLog=True, bold=False, color=array([1., 1., 1.]), colorSpace='rgb', contrast=1.0, depth=0, draggable=False, flipHoriz=False, flipVert=False, font='', fontFiles=[], height=np.float64(0.04), italic=False, languageStyle='LTR', name='unnamed TextStim', opacity=1.0, ori=0.0, pos=array([ 0.  , -0.25]), rgb=UNKNOWN, text='Press the button to continue.', units='height', win=Window(...), wrapWidth=1)
19.1136 	EXP 	Created unnamed TextStim = TextStim(__class__=<class 'psychopy.visual.text.TextStim'>, alignHoriz=method-wrapper(...), alignText='center', alignVert=method-wrapper(...), anchorHoriz='center', anchorVert='center', antialias=True, autoDraw=False, autoLog=True, bold=False, color=array([1., 1., 1.]), colorSpace='rgb', contrast=1.0, depth=0, draggable=False, flipHoriz=False, flipVert=False, font='', fontFiles=[], height=np.float64(0.08), italic=False, languageStyle='LTR', name='unnamed TextStim', opacity=1.0, ori=0.0, pos=array([0., 0.]), rgb=UNKNOWN, text='+', units='height', win=Window(...), wrapWidth=1)
19.1202 	EXP 	Created unnamed TextStim = TextStim(__class__=<class 'psychopy.visual.text.TextStim'>, alignHoriz=method-wrapper(...), alignText='center', alignVert=method-wrapper(...), anchorHoriz='center', anchorVert='center', antialias=True, autoDraw=False, autoLog=True, bold=False, color=array([1., 1., 1.]), colorSpace='rgb', contrast=1.0, depth=0, draggable=False, flipHoriz=False, flipVert=False, font='', fontFiles=[], height=np.float64(0.04), italic=False, languageStyle='LTR', name='unnamed TextStim', opacity=1.0, ori=0.0, pos=array([0., 0.]), rgb=UNKNOWN, text=str(...), units='height', win=Window(...), wrapWidth=1.1851851851851851)
19.1274 	EXP 	Created unnamed TextStim = TextStim(__class__=<class 'psychopy.visual.text.TextStim'>, alignHoriz=method-wrapper(...), alignText='center', alignVert=method-wrapper(...), anchorHoriz='center', anchorVert='center', antialias=True, autoDraw=False, autoLog=True, bold=False, color=array([1., 1., 1.]), colorSpace='rgb', contrast=1.0, depth=0, draggable=False, flipHoriz=False, flipVert=False, font='Arial', fontFiles=[], height=np.float64(0.04), italic=False, languageStyle='LTR', name='unnamed TextStim', opacity=1.0, ori=0.0, pos=array([0. , 0.1]), rgb=UNKNOWN, text='Hello World', units='height', win=Window(...), wrapWidth=1.1851851851851851)
19.1371 	EXP 	Created unnamed TextStim = TextStim(__class__=<class 'psychopy.visual.text.TextStim'>, alignHoriz=method-wrapper(...), alignText='center', alignVert=method-wrapper(...), anchorHoriz='center', anchorVert='center', antialias=True, autoDraw=False, autoLog=True, bold=False, color=array([1., 1., 1.]), colorSpace='rgb', contrast=1.0, depth=0, draggable=False, flipHoriz=False, flipVert=False, font='', fontFiles=[], height=np.float64(0.04), italic=False, languageStyle='LTR', name='unnamed TextStim', opacity=1.0, ori=0.0, pos=array([0., 0.]), rgb=UNKNOWN, text=str(...), units='height', win=Window(...), wrapWidth=1.1851851851851851)
19.1414 	EXP 	Created unnamed TextStim = TextStim(__class__=<class 'psychopy.visual.text.TextStim'>, alignHoriz=method-wrapper(...), alignText='center', alignVert=method-wrapper(...), anchorHoriz='center', anchorVert='center', antialias=True, autoDraw=False, autoLog=True, bold=False, color=array([1., 1., 1.]), colorSpace='rgb', contrast=1.0, depth=0, draggable=False, flipHoriz=False, flipVert=False, font='', fontFiles=[], height=np.float64(0.04), italic=False, languageStyle='LTR', name='unnamed TextStim', opacity=1.0, ori=0.0, pos=array([0., 0.]), rgb=UNKNOWN, text=str(...), units='height', win=Window(...), wrapWidth=1)
19.1442 	EXP 	Created unnamed TextStim = TextStim(__class__=<class 'psychopy.visual.text.TextStim'>, alignHoriz=method-wrapper(...), alignText='center', alignVert=method-wrapper(...), anchorHoriz='center', anchorVert='center', antialias=True, autoDraw=False, autoLog=True, bold=False, color=array([1., 1., 1.]), colorSpace='rgb', contrast=1.0, depth=0, draggable=False, flipHoriz=False, flipVert=False, font='', fontFiles=[], height=np.float64(0.04), italic=False, languageStyle='LTR', name='unnamed TextStim', opacity=1.0, ori=0.0, pos=array([0., 0.]), rgb=UNKNOWN, text=str(...), units='height', win=Window(...), wrapWidth=1.1851851851851851)
19.1609 	EXP 	Created unnamed ImageStim = ImageStim(__class__=<class 'psychopy.visual.image.ImageStim'>, anchor=('center', 'center'), autoLog=True, color=array([1., 1., 1.]), colorSpace='rgb', contrast=1.0, depth=0, draggable=False, flipHoriz=np.False_, flipVert=np.False_, image='../stimuli/reward_low.png', interpolate=False, mask=None, maskParams=None, name='unnamed ImageStim', opacity=1, ori=0.0, pos=array([0., 0.]), size=array([0.3, 0.3]), texRes=128, units='height', win=Window(...))
19.1671 	EXP 	Created unnamed ImageStim = ImageStim(__class__=<class 'psychopy.visual.image.ImageStim'>, anchor=('center', 'center'), autoLog=True, color=array([1., 1., 1.]), colorSpace='rgb', contrast=1.0, depth=0, draggable=False, flipHoriz=np.False_, flipVert=np.False_, image='../stimuli/reward_high.png', interpolate=False, mask=None, maskParams=None, name='unnamed ImageStim', opacity=1, ori=0.0, pos=array([0., 0.]), size=array([0.3, 0.3]), texRes=128, units='height', win=Window(...))
19.1739 	EXP 	Created unnamed ImageStim = ImageStim(__class__=<class 'psychopy.visual.image.ImageStim'>, anchor=('center', 'center'), autoLog=True, color=array([1., 1., 1.]), colorSpace='rgb', contrast=1.0, depth=0, draggable=False, flipHoriz=np.False_, flipVert=np.False_, image='../stimuli/reward_neut.png', interpolate=False, mask=None, maskParams=None, name='unnamed ImageStim', opacity=1, ori=0.0, pos=array([0., 0.]), size=array([0.3, 0.3]), texRes=128, units='height', win=Window(...))
19.1806 	EXP 	Created unnamed ImageStim = ImageStim(__class__=<class 'psychopy.visual.image.ImageStim'>, anchor=('center', 'center'), autoLog=True, color=array([1., 1., 1.]), colorSpace='rgb', contrast=1.0, depth=0, draggable=False, flipHoriz=np.False_, flipVert=np.False_, image='../stimuli/loss_low.png', interpolate=False, mask=None, maskParams=None, name='unnamed ImageStim', opacity=1, ori=0.0, pos=array([0., 0.]), size=array([0.3, 0.3]), texRes=128, units='height', win=Window(...))
19.1871 	EXP 	Created unnamed ImageStim = ImageStim(__class__=<class 'psychopy.visual.image.ImageStim'>, anchor=('center', 'center'), autoLog=True, color=array([1., 1., 1.]), colorSpace='rgb', contrast=1.0, depth=0, draggable=False, flipHoriz=np.False_, flipVert=np.False_, image='../stimuli/loss_high.png', interpolate=False, mask=None, maskParams=None, name='unnamed ImageStim', opacity=1, ori=0.0, pos=array([0., 0.]), size=array([0.3, 0.3]), texRes=128, units='height', win=Window(...))
19.1929 	EXP 	Created unnamed ImageStim = ImageStim(__class__=<class 'psychopy.visual.image.ImageStim'>, anchor=('center', 'center'), autoLog=True, color=array([1., 1., 1.]), colorSpace='rgb', contrast=1.0, depth=0, draggable=False, flipHoriz=np.False_, flipVert=np.False_, image='../stimuli/loss_neut.png', interpolate=False, mask=None, maskParams=None, name='unnamed ImageStim', opacity=1, ori=0.0, pos=array([0., 0.]), size=array([0.3, 0.3]), texRes=128, units='height', win=Window(...))
19.2380 	EXP 	Created unnamed Polygon = Polygon(__class__=<class 'psychopy.visual.polygon.Polygon'>, anchor=('center', 'center'), autoDraw=False, autoLog=True, closeShape=True, color=method-wrapper(...), colorSpace='rgb', contrast=None, depth=0, draggable=False, fillColor=array([1, 1, 1]), fillColorSpace='rgb', fillRGB=array([1, 1, 1]), interpolate=True, lineColor=array([1., 1., 1.]), lineColorSpace='rgb', lineRGB=array([1, 1, 1]), lineWidth=1.5, name='unnamed Polygon', opacity=1, ori=0.0, pos=array([0., 0.]), size=array([1., 1.]), units='height', vertices=ndarray(...), win=Window(...), windingRule=None)
19.2412 	EXP 	Created trial_feedback = TextStim(__class__=<class 'psychopy.visual.text.TextStim'>, alignHoriz=method-wrapper(...), alignText='center', alignVert=method-wrapper(...), anchorHoriz='center', anchorVert='center', antialias=True, autoDraw=False, autoLog=True, bold=False, color=array([1., 1., 1.]), colorSpace='rgb', contrast=1.0, depth=0, draggable=False, flipHoriz=False, flipVert=False, font='Arial', fontFiles=[], height=np.float64(0.09), italic=False, languageStyle='LTR', name='trial_feedback', opacity=1, ori=0, pos=array([0., 0.]), rgb=UNKNOWN, text='Trial:', units='height', win=Window(...), wrapWidth=1)
19.2445 	EXP 	Created exp_feedback = TextStim(__class__=<class 'psychopy.visual.text.TextStim'>, alignHoriz=method-wrapper(...), alignText='center', alignVert=method-wrapper(...), anchorHoriz='center', anchorVert='center', antialias=True, autoDraw=False, autoLog=True, bold=False, color=array([1., 1., 1.]), colorSpace='rgb', contrast=1.0, depth=0, draggable=False, flipHoriz=False, flipVert=False, font='Arial', fontFiles=[], height=np.float64(0.09), italic=False, languageStyle='LTR', name='exp_feedback', opacity=1, ori=0, pos=array([ 0.    , -0.0625]), rgb=UNKNOWN, text='Total:', units='height', win=Window(...), wrapWidth=1)
19.2484 	EXP 	Created unnamed TextStim = TextStim(__class__=<class 'psychopy.visual.text.TextStim'>, alignHoriz=method-wrapper(...), alignText='center', alignVert=method-wrapper(...), anchorHoriz='center', anchorVert='center', antialias=True, autoDraw=False, autoLog=True, bold=False, color=array([1., 1., 1.]), colorSpace='rgb', contrast=1.0, depth=0, draggable=False, flipHoriz=False, flipVert=False, font='', fontFiles=[], height=np.float64(0.04), italic=False, languageStyle='LTR', name='unnamed TextStim', opacity=1.0, ori=0.0, pos=array([0., 0.]), rgb=UNKNOWN, text=str(...), units='height', win=Window(...), wrapWidth=1)
19.2512 	EXP 	Created unnamed TextStim = TextStim(__class__=<class 'psychopy.visual.text.TextStim'>, alignHoriz=method-wrapper(...), alignText='center', alignVert=method-wrapper(...), anchorHoriz='center', anchorVert='center', antialias=True, autoDraw=False, autoLog=True, bold=False, color=array([1., 1., 1.]), colorSpace='rgb', contrast=1.0, depth=0, draggable=False, flipHoriz=False, flipVert=False, font='', fontFiles=[], height=np.float64(0.04), italic=False, languageStyle='LTR', name='unnamed TextStim', opacity=1.0, ori=0.0, pos=array([0., 0.]), rgb=UNKNOWN, text=str(...), units='height', win=Window(...), wrapWidth=1)
19.2549 	EXP 	Created unnamed TextStim = TextStim(__class__=<class 'psychopy.visual.text.TextStim'>, alignHoriz=method-wrapper(...), alignText='center', alignVert=method-wrapper(...), anchorHoriz='center', anchorVert='center', antialias=True, autoDraw=False, autoLog=True, bold=False, color=array([1., 1., 1.]), colorSpace='rgb', contrast=1.0, depth=0, draggable=False, flipHoriz=False, flipVert=False, font='', fontFiles=[], height=np.float64(0.04), italic=False, languageStyle='LTR', name='unnamed TextStim', opacity=1.0, ori=0.0, pos=array([0., 0.]), rgb=UNKNOWN, text=str(...), units='height', win=Window(...), wrapWidth=1)
19.2565 	EXP 	Created unnamed TextStim = TextStim(__class__=<class 'psychopy.visual.text.TextStim'>, alignHoriz=method-wrapper(...), alignText='center', alignVert=method-wrapper(...), anchorHoriz='center', anchorVert='center', antialias=True, autoDraw=False, autoLog=True, bold=False, color=array([1., 1., 1.]), colorSpace='rgb', contrast=1.0, depth=0, draggable=False, flipHoriz=False, flipVert=False, font='', fontFiles=[], height=np.float64(0.04), italic=False, languageStyle='LTR', name='unnamed TextStim', opacity=1.0, ori=0.0, pos=array([0., 0.]), rgb=UNKNOWN, text='Get ready', units='height', win=Window(...), wrapWidth=1)
19.2584 	EXP 	Created unnamed TextStim = TextStim(__class__=<class 'psychopy.visual.text.TextStim'>, alignHoriz=method-wrapper(...), alignText='center', alignVert=method-wrapper(...), anchorHoriz='center', anchorVert='center', antialias=True, autoDraw=False, autoLog=True, bold=False, color=array([1., 1., 1.]), colorSpace='rgb', contrast=1.0, depth=0, draggable=False, flipHoriz=False, flipVert=False, font='', fontFiles=[], height=np.float64(0.04), italic=False, languageStyle='LTR', name='unnamed TextStim', opacity=1.0, ori=0.0, pos=array([0., 0.]), rgb=UNKNOWN, text='Please wait\n\n', units='height', win=Window(...), wrapWidth=1)
19.3350 	WARNING 	t of last frame was 268.24ms (=1/3)
19.3350 	EXP 	unnamed TextStim: height = np.float64(0.04)
19.3350 	EXP 	unnamed TextStim: height = np.float64(0.04)
19.3350 	EXP 	unnamed TextStim: height = np.float64(0.04)
19.3350 	EXP 	unnamed TextStim: text = 'Welcome to the triangle game!'
21.5855 	DATA 	Keypress: 1
21.6094 	WARNING 	t of last frame was 2274.46ms (=1/0)
21.6094 	EXP 	unnamed TextStim: height = np.float64(0.04)
21.6094 	EXP 	unnamed TextStim: height = np.float64(0.04)
21.6094 	EXP 	unnamed TextStim: height = np.float64(0.04)
21.6094 	EXP 	unnamed TextStim: text = 'First you will see a cross in the middle of the screen, like this:\n\n+\n\nThis means you should focus on the screen and get ready to play. '
22.9347 	DATA 	Keypress: 1
22.9434 	EXP 	Created unnamed Polygon = Polygon(__class__=<class 'psychopy.visual.polygon.Polygon'>, anchor=('center', 'center'), autoDraw=False, autoLog=True, closeShape=True, color=method-wrapper(...), colorSpace='rgb', contrast=None, depth=0, draggable=False, fillColor=array([1, 1, 1]), fillColorSpace='rgb', fillRGB=array([1, 1, 1]), interpolate=True, lineColor=array([1., 1., 1.]), lineColorSpace='rgb', lineRGB=array([1, 1, 1]), lineWidth=1.5, name='unnamed Polygon', opacity=1, ori=0.0, pos=array([0. , 0.1]), size=array([1., 1.]), units='height', vertices=ndarray(...), win=Window(...), windingRule=None)
22.9548 	WARNING 	t of last frame was 1345.40ms (=1/0)
22.9548 	EXP 	unnamed TextStim: height = np.float64(0.04)
22.9548 	EXP 	unnamed TextStim: height = np.float64(0.04)
22.9548 	EXP 	unnamed TextStim: height = np.float64(0.04)
22.9548 	EXP 	unnamed TextStim: text = 'Next, a small solid WHITE TRIANGLE will appear on the screen:\n\n \n\n \n\n \n\nPress the button as fast as you can when you see the solid white triangle. '
24.0372 	DATA 	Keypress: 1
24.0469 	WARNING 	t of last frame was 1092.04ms (=1/0)
24.0469 	EXP 	unnamed TextStim: height = np.float64(0.04)
24.0469 	EXP 	unnamed TextStim: height = np.float64(0.04)
24.0469 	EXP 	unnamed TextStim: height = np.float64(0.04)
24.0469 	EXP 	unnamed TextStim: text = 'Any Questions?\n\nPlease ask them now.'
24.6892 	DATA 	Keypress: 1
24.6952 	WARNING 	Multiple dropped frames have occurred - I'll stop bothering you about them!
25.3405 	DATA 	Keypress: 1
25.8815 	DATA 	Keypress: return
30.9027 	EXP 	unnamed Polygon: autoDraw = True
30.9027 	EXP 	unnamed Polygon: autoDraw = True
30.9107 	EXP 	unnamed Polygon: autoDraw = True
30.9150 	EXP 	unnamed Polygon: autoDraw = True
30.9276 	EXP 	unnamed Polygon: autoDraw = True
30.9326 	EXP 	unnamed Polygon: autoDraw = True
30.9441 	EXP 	unnamed Polygon: autoDraw = True
30.9491 	EXP 	unnamed Polygon: autoDraw = True
30.9609 	EXP 	unnamed Polygon: autoDraw = True
30.9664 	EXP 	unnamed Polygon: autoDraw = True
30.9776 	EXP 	unnamed Polygon: autoDraw = True
30.9832 	EXP 	unnamed Polygon: autoDraw = True
30.9943 	EXP 	unnamed Polygon: autoDraw = True
30.9997 	EXP 	unnamed Polygon: autoDraw = True
31.0108 	EXP 	unnamed Polygon: autoDraw = True
31.0162 	EXP 	unnamed Polygon: autoDraw = True
31.0277 	EXP 	unnamed Polygon: autoDraw = True
31.0332 	EXP 	unnamed Polygon: autoDraw = True
31.0442 	EXP 	unnamed Polygon: autoDraw = True
31.0496 	EXP 	unnamed Polygon: autoDraw = True
31.0611 	EXP 	unnamed Polygon: autoDraw = True
31.0666 	EXP 	unnamed Polygon: autoDraw = True
31.0776 	EXP 	unnamed Polygon: autoDraw = True
31.0827 	EXP 	unnamed Polygon: autoDraw = True
31.0941 	EXP 	unnamed Polygon: autoDraw = True
31.0991 	EXP 	unnamed Polygon: autoDraw = True
31.1110 	EXP 	unnamed Polygon: autoDraw = True
31.1159 	EXP 	unnamed Polygon: autoDraw = True
31.1278 	EXP 	unnamed Polygon: autoDraw = True
31.1313 	DATA 	Keypress: 1
31.1369 	EXP 	unnamed Polygon: autoDraw = True
31.1440 	EXP 	unnamed Polygon: autoDraw = True
31.1482 	EXP 	unnamed Polygon: autoDraw = True
31.1610 	EXP 	unnamed Polygon: autoDraw = True
31.1659 	EXP 	unnamed Polygon: autoDraw = True
31.1775 	EXP 	unnamed Polygon: autoDraw = True
31.1824 	EXP 	unnamed Polygon: autoDraw = True
31.1943 	EXP 	unnamed Polygon: autoDraw = True
31.2003 	EXP 	unnamed Polygon: autoDraw = True
31.2110 	EXP 	unnamed Polygon: autoDraw = True
31.2160 	EXP 	unnamed Polygon: autoDraw = True
31.2276 	EXP 	unnamed Polygon: autoDraw = True
31.2326 	EXP 	unnamed Polygon: autoDraw = True
31.2444 	EXP 	unnamed Polygon: autoDraw = True
31.2499 	EXP 	unnamed Polygon: autoDraw = True
31.2610 	EXP 	unnamed Polygon: autoDraw = True
31.2665 	EXP 	unnamed Polygon: autoDraw = True
31.2775 	EXP 	unnamed Polygon: autoDraw = True
31.2831 	EXP 	unnamed Polygon: autoDraw = True
31.2944 	EXP 	unnamed Polygon: autoDraw = True
31.2994 	EXP 	unnamed Polygon: autoDraw = True
31.3109 	EXP 	unnamed Polygon: autoDraw = True
31.3158 	EXP 	unnamed Polygon: autoDraw = True
31.3276 	EXP 	unnamed Polygon: autoDraw = True
31.3326 	EXP 	unnamed Polygon: autoDraw = True
31.3441 	EXP 	unnamed Polygon: autoDraw = True
31.3490 	EXP 	unnamed Polygon: autoDraw = True
31.3608 	EXP 	unnamed Polygon: autoDraw = True
31.3658 	EXP 	unnamed Polygon: autoDraw = True
31.3777 	EXP 	unnamed Polygon: autoDraw = True
31.3832 	EXP 	unnamed Polygon: autoDraw = True
31.3941 	EXP 	unnamed Polygon: autoDraw = True
31.3995 	EXP 	unnamed Polygon: autoDraw = True
31.4124 	EXP 	unnamed Polygon: autoDraw = False
41.1941 	EXP 	unnamed Polygon: autoDraw = True
41.1941 	EXP 	unnamed Polygon: autoDraw = True
41.1993 	EXP 	unnamed Polygon: autoDraw = True
41.2108 	EXP 	unnamed Polygon: autoDraw = True
41.2162 	EXP 	unnamed Polygon: autoDraw = True
41.2276 	EXP 	unnamed Polygon: autoDraw = True
41.2330 	EXP 	unnamed Polygon: autoDraw = True
41.2444 	EXP 	unnamed Polygon: autoDraw = True
41.2500 	EXP 	unnamed Polygon: autoDraw = True
41.2608 	EXP 	unnamed Polygon: autoDraw = True
41.2663 	EXP 	unnamed Polygon: autoDraw = True
41.2777 	EXP 	unnamed Polygon: autoDraw = True
41.2831 	EXP 	unnamed Polygon: autoDraw = True
41.2944 	EXP 	unnamed Polygon: autoDraw = True
41.2994 	EXP 	unnamed Polygon: autoDraw = True
41.3108 	EXP 	unnamed Polygon: autoDraw = True
41.3158 	EXP 	unnamed Polygon: autoDraw = True
41.3277 	EXP 	unnamed Polygon: autoDraw = True
41.3332 	EXP 	unnamed Polygon: autoDraw = True
41.3442 	EXP 	unnamed Polygon: autoDraw = True
41.3501 	EXP 	unnamed Polygon: autoDraw = True
41.3610 	EXP 	unnamed Polygon: autoDraw = True
41.3664 	EXP 	unnamed Polygon: autoDraw = True
41.3777 	EXP 	unnamed Polygon: autoDraw = True
41.3834 	EXP 	unnamed Polygon: autoDraw = True
41.3943 	EXP 	unnamed Polygon: autoDraw = True
41.3997 	EXP 	unnamed Polygon: autoDraw = True
41.4112 	EXP 	unnamed Polygon: autoDraw = True
41.4168 	EXP 	unnamed Polygon: autoDraw = True
41.4275 	EXP 	unnamed Polygon: autoDraw = True
41.4332 	EXP 	unnamed Polygon: autoDraw = True
41.4442 	EXP 	unnamed Polygon: autoDraw = True
41.4498 	EXP 	unnamed Polygon: autoDraw = True
41.4547 	DATA 	Keypress: 1
41.4606 	EXP 	unnamed Polygon: autoDraw = True
41.4647 	EXP 	unnamed Polygon: autoDraw = True
41.4776 	EXP 	unnamed Polygon: autoDraw = True
41.4822 	EXP 	unnamed Polygon: autoDraw = True
41.4943 	EXP 	unnamed Polygon: autoDraw = True
41.4992 	EXP 	unnamed Polygon: autoDraw = True
41.5111 	EXP 	unnamed Polygon: autoDraw = True
41.5164 	EXP 	unnamed Polygon: autoDraw = True
41.5277 	EXP 	unnamed Polygon: autoDraw = True
41.5334 	EXP 	unnamed Polygon: autoDraw = True
41.5444 	EXP 	unnamed Polygon: autoDraw = True
41.5496 	EXP 	unnamed Polygon: autoDraw = True
41.5611 	EXP 	unnamed Polygon: autoDraw = True
41.5666 	EXP 	unnamed Polygon: autoDraw = True
41.5777 	EXP 	unnamed Polygon: autoDraw = True
41.5831 	EXP 	unnamed Polygon: autoDraw = True
41.5945 	EXP 	unnamed Polygon: autoDraw = True
41.6012 	EXP 	unnamed Polygon: autoDraw = True
41.6111 	EXP 	unnamed Polygon: autoDraw = True
41.6168 	EXP 	unnamed Polygon: autoDraw = True
41.6275 	EXP 	unnamed Polygon: autoDraw = True
41.6329 	EXP 	unnamed Polygon: autoDraw = True
41.6442 	EXP 	unnamed Polygon: autoDraw = True
41.6496 	EXP 	unnamed Polygon: autoDraw = True
41.6608 	EXP 	unnamed Polygon: autoDraw = True
41.6662 	EXP 	unnamed Polygon: autoDraw = True
41.6777 	EXP 	unnamed Polygon: autoDraw = True
41.6830 	EXP 	unnamed Polygon: autoDraw = True
41.6943 	EXP 	unnamed Polygon: autoDraw = True
41.7050 	EXP 	unnamed Polygon: autoDraw = False
42.4218 	DATA 	Keypress: escape
42.4258 	WARNING 	Escape pressed, exiting early!
42.4258 	WARNING 	Total earnings: 1.5
