20.9137 	WARNING 	Monitor specification not found. Creating a temporary one...
20.9354 	WARNING 	Requested an unavailable screen number - using first available.
20.9369 	WARNING 	User requested fullscreen with size [800 600], but screen is actually [2240, 1260]. Using actual size
22.3938 	WARNING 	Couldn't measure a consistent frame rate!
  - Is your graphics card set to sync to vertical blank?
  - Are you running other processes on your computer?

22.3943 	EXP 	Created window1 = Window(allowGUI=True, allowStencil=False, autoLog=True, backendConf=UNKNOWN, backgroundFit=<method-wrapper '__getattribute__' of attributeSetter object at 0x1492ce8f0>, backgroundImage=<method-wrapper '__getattribute__' of attributeSetter object at 0x1492ce950>, bitsMode=UNKNOWN, blendMode='avg', bpc=(8, 8, 8), color=array([-1, -1, -1]), colorSpace='rgb', depthBits=8, fullscr=True, gamma=None, gammaErrorPolicy='raise', infoMsg=UNKNOWN, lms=UNKNOWN, monitor=<psychopy.monitors.calibTools.Monitor object at 0x14bedecb0>, multiSample=False, name='window1', numSamples=2, pos=[np.float64(0.0), np.float64(0.0)], screen=1, size=array([4480, 2520]), stencilBits=0, stereo=False, title='PsychoPy', units='height', useFBO=False, useRetina=True, viewOri=0.0, viewPos=None, viewScale=None, waitBlanking=True, winType='pyglet')
22.3944 	EXP 	window1: backgroundImage = None
22.3944 	EXP 	window1: backgroundFit = 'cover'
22.3976 	EXP 	window1: Attempting to measure frame rate of screen (1) ...
22.3976 	EXP 	window1: recordFrameIntervals = False
22.4830 	EXP 	window1: recordFrameIntervals = True
23.3162 	WARNING 	Couldn't measure a consistent frame rate!
  - Is your graphics card set to sync to vertical blank?
  - Are you running other processes on your computer?

23.3603 	EXP 	Created unnamed TextStim = TextStim(__class__=<class 'psychopy.visual.text.TextStim'>, alignHoriz=method-wrapper(...), alignText='center', alignVert=method-wrapper(...), anchorHoriz='center', anchorVert='center', antialias=True, autoDraw=False, autoLog=True, bold=False, color=array([1., 1., 1.]), colorSpace='rgb', contrast=1.0, depth=0, draggable=False, flipHoriz=False, flipVert=False, font='', fontFiles=[], height=np.float64(0.04), italic=False, languageStyle='LTR', name='unnamed TextStim', opacity=1.0, ori=0.0, pos=array([ 0.  , -0.25]), rgb=UNKNOWN, text='Press the pointer button to continue.', units='height', win=Window(...), wrapWidth=1)
23.3632 	EXP 	Created unnamed TextStim = TextStim(__class__=<class 'psychopy.visual.text.TextStim'>, alignHoriz=method-wrapper(...), alignText='center', alignVert=method-wrapper(...), anchorHoriz='center', anchorVert='center', antialias=True, autoDraw=False, autoLog=True, bold=False, color=array([1., 1., 1.]), colorSpace='rgb', contrast=1.0, depth=0, draggable=False, flipHoriz=False, flipVert=False, font='', fontFiles=[], height=np.float64(0.08), italic=False, languageStyle='LTR', name='unnamed TextStim', opacity=1.0, ori=0.0, pos=array([0., 0.]), rgb=UNKNOWN, text='+', units='height', win=Window(...), wrapWidth=1)
23.3695 	EXP 	Created unnamed TextStim = TextStim(__class__=<class 'psychopy.visual.text.TextStim'>, alignHoriz=method-wrapper(...), alignText='center', alignVert=method-wrapper(...), anchorHoriz='center', anchorVert='center', antialias=True, autoDraw=False, autoLog=True, bold=False, color=array([1., 1., 1.]), colorSpace='rgb', contrast=1.0, depth=0, draggable=False, flipHoriz=False, flipVert=False, font='', fontFiles=[], height=np.float64(0.04), italic=False, languageStyle='LTR', name='unnamed TextStim', opacity=1.0, ori=0.0, pos=array([0., 0.]), rgb=UNKNOWN, text=str(...), units='height', win=Window(...), wrapWidth=0.8888888888888888)
23.3763 	EXP 	Created unnamed TextStim = TextStim(__class__=<class 'psychopy.visual.text.TextStim'>, alignHoriz=method-wrapper(...), alignText='center', alignVert=method-wrapper(...), anchorHoriz='center', anchorVert='center', antialias=True, autoDraw=False, autoLog=True, bold=False, color=array([1., 1., 1.]), colorSpace='rgb', contrast=1.0, depth=0, draggable=False, flipHoriz=False, flipVert=False, font='Arial', fontFiles=[], height=np.float64(0.04), italic=False, languageStyle='LTR', name='unnamed TextStim', opacity=1.0, ori=0.0, pos=array([0. , 0.1]), rgb=UNKNOWN, text='Hello World', units='height', win=Window(...), wrapWidth=0.8888888888888888)
23.3868 	EXP 	Created unnamed TextStim = TextStim(__class__=<class 'psychopy.visual.text.TextStim'>, alignHoriz=method-wrapper(...), alignText='center', alignVert=method-wrapper(...), anchorHoriz='center', anchorVert='center', antialias=True, autoDraw=False, autoLog=True, bold=False, color=array([1., 1., 1.]), colorSpace='rgb', contrast=1.0, depth=0, draggable=False, flipHoriz=False, flipVert=False, font='', fontFiles=[], height=np.float64(0.04), italic=False, languageStyle='LTR', name='unnamed TextStim', opacity=1.0, ori=0.0, pos=array([0., 0.]), rgb=UNKNOWN, text=str(...), units='height', win=Window(...), wrapWidth=0.8888888888888888)
23.3901 	EXP 	Created unnamed TextStim = TextStim(__class__=<class 'psychopy.visual.text.TextStim'>, alignHoriz=method-wrapper(...), alignText='center', alignVert=method-wrapper(...), anchorHoriz='center', anchorVert='center', antialias=True, autoDraw=False, autoLog=True, bold=False, color=array([1., 1., 1.]), colorSpace='rgb', contrast=1.0, depth=0, draggable=False, flipHoriz=False, flipVert=False, font='', fontFiles=[], height=np.float64(0.04), italic=False, languageStyle='LTR', name='unnamed TextStim', opacity=1.0, ori=0.0, pos=array([0., 0.]), rgb=UNKNOWN, text=str(...), units='height', win=Window(...), wrapWidth=1)
23.3941 	EXP 	Created unnamed TextStim = TextStim(__class__=<class 'psychopy.visual.text.TextStim'>, alignHoriz=method-wrapper(...), alignText='center', alignVert=method-wrapper(...), anchorHoriz='center', anchorVert='center', antialias=True, autoDraw=False, autoLog=True, bold=False, color=array([1., 1., 1.]), colorSpace='rgb', contrast=1.0, depth=0, draggable=False, flipHoriz=False, flipVert=False, font='', fontFiles=[], height=np.float64(0.04), italic=False, languageStyle='LTR', name='unnamed TextStim', opacity=1.0, ori=0.0, pos=array([0., 0.]), rgb=UNKNOWN, text=str(...), units='height', win=Window(...), wrapWidth=0.8888888888888888)
23.4090 	EXP 	Created unnamed ImageStim = ImageStim(__class__=<class 'psychopy.visual.image.ImageStim'>, anchor=('center', 'center'), autoLog=True, color=array([1., 1., 1.]), colorSpace='rgb', contrast=1.0, depth=0, draggable=False, flipHoriz=np.False_, flipVert=np.False_, image='../stimuli/reward_low_050_british.png', interpolate=False, mask=None, maskParams=None, name='unnamed ImageStim', opacity=1, ori=0.0, pos=array([0., 0.]), size=array([0.3, 0.3]), texRes=128, units='height', win=Window(...))
23.4150 	EXP 	Created unnamed ImageStim = ImageStim(__class__=<class 'psychopy.visual.image.ImageStim'>, anchor=('center', 'center'), autoLog=True, color=array([1., 1., 1.]), colorSpace='rgb', contrast=1.0, depth=0, draggable=False, flipHoriz=np.False_, flipVert=np.False_, image='../stimuli/reward_high_200_british.png', interpolate=False, mask=None, maskParams=None, name='unnamed ImageStim', opacity=1, ori=0.0, pos=array([0., 0.]), size=array([0.3, 0.3]), texRes=128, units='height', win=Window(...))
23.4222 	EXP 	Created unnamed ImageStim = ImageStim(__class__=<class 'psychopy.visual.image.ImageStim'>, anchor=('center', 'center'), autoLog=True, color=array([1., 1., 1.]), colorSpace='rgb', contrast=1.0, depth=0, draggable=False, flipHoriz=np.False_, flipVert=np.False_, image='../stimuli/reward_neut_0_british.png', interpolate=False, mask=None, maskParams=None, name='unnamed ImageStim', opacity=1, ori=0.0, pos=array([0., 0.]), size=array([0.3, 0.3]), texRes=128, units='height', win=Window(...))
23.4282 	EXP 	Created unnamed ImageStim = ImageStim(__class__=<class 'psychopy.visual.image.ImageStim'>, anchor=('center', 'center'), autoLog=True, color=array([1., 1., 1.]), colorSpace='rgb', contrast=1.0, depth=0, draggable=False, flipHoriz=np.False_, flipVert=np.False_, image='../stimuli/loss_low_050_british.png', interpolate=False, mask=None, maskParams=None, name='unnamed ImageStim', opacity=1, ori=0.0, pos=array([0., 0.]), size=array([0.3, 0.3]), texRes=128, units='height', win=Window(...))
23.4348 	EXP 	Created unnamed ImageStim = ImageStim(__class__=<class 'psychopy.visual.image.ImageStim'>, anchor=('center', 'center'), autoLog=True, color=array([1., 1., 1.]), colorSpace='rgb', contrast=1.0, depth=0, draggable=False, flipHoriz=np.False_, flipVert=np.False_, image='../stimuli/loss_high_200_british.png', interpolate=False, mask=None, maskParams=None, name='unnamed ImageStim', opacity=1, ori=0.0, pos=array([0., 0.]), size=array([0.3, 0.3]), texRes=128, units='height', win=Window(...))
23.4409 	EXP 	Created unnamed ImageStim = ImageStim(__class__=<class 'psychopy.visual.image.ImageStim'>, anchor=('center', 'center'), autoLog=True, color=array([1., 1., 1.]), colorSpace='rgb', contrast=1.0, depth=0, draggable=False, flipHoriz=np.False_, flipVert=np.False_, image='../stimuli/loss_neut_0_british.png', interpolate=False, mask=None, maskParams=None, name='unnamed ImageStim', opacity=1, ori=0.0, pos=array([0., 0.]), size=array([0.3, 0.3]), texRes=128, units='height', win=Window(...))
23.4463 	EXP 	Created unnamed Polygon = Polygon(__class__=<class 'psychopy.visual.polygon.Polygon'>, anchor=('center', 'center'), autoDraw=False, autoLog=True, closeShape=True, color=method-wrapper(...), colorSpace='rgb', contrast=None, depth=0, draggable=False, fillColor=array([1, 1, 1]), fillColorSpace='rgb', fillRGB=array([1, 1, 1]), interpolate=True, lineColor=array([1., 1., 1.]), lineColorSpace='rgb', lineRGB=array([1, 1, 1]), lineWidth=1.5, name='unnamed Polygon', opacity=1, ori=0.0, pos=array([0., 0.]), size=array([1., 1.]), units='height', vertices=ndarray(...), win=Window(...), windingRule=None)
23.4497 	EXP 	Created trial_feedback = TextStim(__class__=<class 'psychopy.visual.text.TextStim'>, alignHoriz=method-wrapper(...), alignText='center', alignVert=method-wrapper(...), anchorHoriz='center', anchorVert='center', antialias=True, autoDraw=False, autoLog=True, bold=False, color=array([1., 1., 1.]), colorSpace='rgb', contrast=1.0, depth=0, draggable=False, flipHoriz=False, flipVert=False, font='Arial', fontFiles=[], height=np.float64(0.09), italic=False, languageStyle='LTR', name='trial_feedback', opacity=1, ori=0, pos=array([0., 0.]), rgb=UNKNOWN, text='Trial:', units='height', win=Window(...), wrapWidth=1)
23.4529 	EXP 	Created exp_feedback = TextStim(__class__=<class 'psychopy.visual.text.TextStim'>, alignHoriz=method-wrapper(...), alignText='center', alignVert=method-wrapper(...), anchorHoriz='center', anchorVert='center', antialias=True, autoDraw=False, autoLog=True, bold=False, color=array([1., 1., 1.]), colorSpace='rgb', contrast=1.0, depth=0, draggable=False, flipHoriz=False, flipVert=False, font='Arial', fontFiles=[], height=np.float64(0.09), italic=False, languageStyle='LTR', name='exp_feedback', opacity=1, ori=0, pos=array([ 0.    , -0.0625]), rgb=UNKNOWN, text='Total:', units='height', win=Window(...), wrapWidth=1)
23.4574 	EXP 	Created unnamed TextStim = TextStim(__class__=<class 'psychopy.visual.text.TextStim'>, alignHoriz=method-wrapper(...), alignText='center', alignVert=method-wrapper(...), anchorHoriz='center', anchorVert='center', antialias=True, autoDraw=False, autoLog=True, bold=False, color=array([1., 1., 1.]), colorSpace='rgb', contrast=1.0, depth=0, draggable=False, flipHoriz=False, flipVert=False, font='', fontFiles=[], height=np.float64(0.04), italic=False, languageStyle='LTR', name='unnamed TextStim', opacity=1.0, ori=0.0, pos=array([0., 0.]), rgb=UNKNOWN, text=str(...), units='height', win=Window(...), wrapWidth=1)
23.4614 	EXP 	Created unnamed TextStim = TextStim(__class__=<class 'psychopy.visual.text.TextStim'>, alignHoriz=method-wrapper(...), alignText='center', alignVert=method-wrapper(...), anchorHoriz='center', anchorVert='center', antialias=True, autoDraw=False, autoLog=True, bold=False, color=array([1., 1., 1.]), colorSpace='rgb', contrast=1.0, depth=0, draggable=False, flipHoriz=False, flipVert=False, font='', fontFiles=[], height=np.float64(0.04), italic=False, languageStyle='LTR', name='unnamed TextStim', opacity=1.0, ori=0.0, pos=array([0., 0.]), rgb=UNKNOWN, text=str(...), units='height', win=Window(...), wrapWidth=1)
23.4655 	EXP 	Created unnamed TextStim = TextStim(__class__=<class 'psychopy.visual.text.TextStim'>, alignHoriz=method-wrapper(...), alignText='center', alignVert=method-wrapper(...), anchorHoriz='center', anchorVert='center', antialias=True, autoDraw=False, autoLog=True, bold=False, color=array([1., 1., 1.]), colorSpace='rgb', contrast=1.0, depth=0, draggable=False, flipHoriz=False, flipVert=False, font='', fontFiles=[], height=np.float64(0.04), italic=False, languageStyle='LTR', name='unnamed TextStim', opacity=1.0, ori=0.0, pos=array([0., 0.]), rgb=UNKNOWN, text=str(...), units='height', win=Window(...), wrapWidth=1)
23.4693 	EXP 	Created unnamed TextStim = TextStim(__class__=<class 'psychopy.visual.text.TextStim'>, alignHoriz=method-wrapper(...), alignText='center', alignVert=method-wrapper(...), anchorHoriz='center', anchorVert='center', antialias=True, autoDraw=False, autoLog=True, bold=False, color=array([1., 1., 1.]), colorSpace='rgb', contrast=1.0, depth=0, draggable=False, flipHoriz=False, flipVert=False, font='', fontFiles=[], height=np.float64(0.04), italic=False, languageStyle='LTR', name='unnamed TextStim', opacity=1.0, ori=0.0, pos=array([0., 0.]), rgb=UNKNOWN, text=str(...), units='height', win=Window(...), wrapWidth=1)
23.4709 	EXP 	Created unnamed TextStim = TextStim(__class__=<class 'psychopy.visual.text.TextStim'>, alignHoriz=method-wrapper(...), alignText='center', alignVert=method-wrapper(...), anchorHoriz='center', anchorVert='center', antialias=True, autoDraw=False, autoLog=True, bold=False, color=array([1., 1., 1.]), colorSpace='rgb', contrast=1.0, depth=0, draggable=False, flipHoriz=False, flipVert=False, font='', fontFiles=[], height=np.float64(0.04), italic=False, languageStyle='LTR', name='unnamed TextStim', opacity=1.0, ori=0.0, pos=array([0., 0.]), rgb=UNKNOWN, text='Get ready', units='height', win=Window(...), wrapWidth=1)
23.4723 	EXP 	Created unnamed TextStim = TextStim(__class__=<class 'psychopy.visual.text.TextStim'>, alignHoriz=method-wrapper(...), alignText='center', alignVert=method-wrapper(...), anchorHoriz='center', anchorVert='center', antialias=True, autoDraw=False, autoLog=True, bold=False, color=array([1., 1., 1.]), colorSpace='rgb', contrast=1.0, depth=0, draggable=False, flipHoriz=False, flipVert=False, font='', fontFiles=[], height=np.float64(0.04), italic=False, languageStyle='LTR', name='unnamed TextStim', opacity=1.0, ori=0.0, pos=array([0., 0.]), rgb=UNKNOWN, text='Please wait\n\n', units='height', win=Window(...), wrapWidth=1)
23.5570 	WARNING 	t of last frame was 240.95ms (=1/4)
23.5570 	EXP 	unnamed TextStim: height = np.float64(0.04)
23.5570 	EXP 	unnamed TextStim: height = np.float64(0.04)
23.5570 	EXP 	unnamed TextStim: height = np.float64(0.04)
23.5570 	EXP 	unnamed TextStim: text = 'Welcome to the triangle game!'
27.1468 	DATA 	Keypress: 6
27.1577 	WARNING 	t of last frame was 3600.71ms (=1/0)
27.1577 	EXP 	unnamed TextStim: height = np.float64(0.04)
27.1577 	EXP 	unnamed TextStim: height = np.float64(0.04)
27.1577 	EXP 	unnamed TextStim: height = np.float64(0.04)
27.1577 	EXP 	unnamed TextStim: text = 'First you will see a cross in the middle of the screen, like this:\n\n+\n\nThis means you should focus on the screen and get ready to play. '
28.9618 	EXP 	Created unnamed Polygon = Polygon(__class__=<class 'psychopy.visual.polygon.Polygon'>, anchor=('center', 'center'), autoDraw=False, autoLog=True, closeShape=True, color=method-wrapper(...), colorSpace='rgb', contrast=None, depth=0, draggable=False, fillColor=array([1, 1, 1]), fillColorSpace='rgb', fillRGB=array([1, 1, 1]), interpolate=True, lineColor=array([1., 1., 1.]), lineColorSpace='rgb', lineRGB=array([1, 1, 1]), lineWidth=1.5, name='unnamed Polygon', opacity=1, ori=0.0, pos=array([0. , 0.1]), size=array([1., 1.]), units='height', vertices=ndarray(...), win=Window(...), windingRule=None)
28.9732 	DATA 	Keypress: 6
28.9810 	WARNING 	t of last frame was 1823.23ms (=1/0)
28.9810 	EXP 	unnamed TextStim: height = np.float64(0.04)
28.9810 	EXP 	unnamed TextStim: height = np.float64(0.04)
28.9810 	EXP 	unnamed TextStim: height = np.float64(0.04)
28.9810 	EXP 	unnamed TextStim: text = 'Next, a small solid WHITE TRIANGLE will appear on the screen:\n\n \n\n \n\n \n\nPress the pointer button as fast as you can when you see the solid white triangle. '
29.6050 	DATA 	Keypress: 6
29.6122 	WARNING 	t of last frame was 631.18ms (=1/1)
31.0192 	DATA 	Keypress: 6
31.0205 	DATA 	Keypress: return
31.0270 	WARNING 	Multiple dropped frames have occurred - I'll stop bothering you about them!
36.0338 	EXP 	unnamed Polygon: autoDraw = True
36.0338 	EXP 	unnamed Polygon: autoDraw = True
36.0437 	EXP 	unnamed Polygon: autoDraw = True
36.0481 	EXP 	unnamed Polygon: autoDraw = True
36.0601 	EXP 	unnamed Polygon: autoDraw = True
36.0646 	EXP 	unnamed Polygon: autoDraw = True
36.0771 	EXP 	unnamed Polygon: autoDraw = True
36.0818 	EXP 	unnamed Polygon: autoDraw = True
36.0938 	EXP 	unnamed Polygon: autoDraw = True
36.0992 	EXP 	unnamed Polygon: autoDraw = True
36.1104 	EXP 	unnamed Polygon: autoDraw = True
36.1154 	EXP 	unnamed Polygon: autoDraw = True
36.1271 	EXP 	unnamed Polygon: autoDraw = True
36.1320 	EXP 	unnamed Polygon: autoDraw = True
36.1437 	EXP 	unnamed Polygon: autoDraw = True
36.1486 	EXP 	unnamed Polygon: autoDraw = True
36.1604 	EXP 	unnamed Polygon: autoDraw = True
36.1657 	EXP 	unnamed Polygon: autoDraw = True
36.1792 	EXP 	unnamed Polygon: autoDraw = True
36.1936 	EXP 	unnamed Polygon: autoDraw = True
36.1985 	EXP 	unnamed Polygon: autoDraw = True
36.2101 	EXP 	unnamed Polygon: autoDraw = True
36.2143 	EXP 	unnamed Polygon: autoDraw = True
36.2270 	EXP 	unnamed Polygon: autoDraw = True
36.2317 	EXP 	unnamed Polygon: autoDraw = True
36.2439 	EXP 	unnamed Polygon: autoDraw = True
36.2490 	EXP 	unnamed Polygon: autoDraw = True
36.2604 	EXP 	unnamed Polygon: autoDraw = True
36.2656 	EXP 	unnamed Polygon: autoDraw = True
36.2770 	EXP 	unnamed Polygon: autoDraw = True
36.2805 	DATA 	Keypress: 6
36.2848 	EXP 	unnamed Polygon: autoDraw = True
36.2935 	EXP 	unnamed Polygon: autoDraw = True
36.2975 	EXP 	unnamed Polygon: autoDraw = True
36.3104 	EXP 	unnamed Polygon: autoDraw = True
36.3149 	EXP 	unnamed Polygon: autoDraw = True
36.3271 	EXP 	unnamed Polygon: autoDraw = True
36.3327 	EXP 	unnamed Polygon: autoDraw = True
36.3436 	EXP 	unnamed Polygon: autoDraw = True
36.3482 	EXP 	unnamed Polygon: autoDraw = True
36.3604 	EXP 	unnamed Polygon: autoDraw = True
36.3647 	EXP 	unnamed Polygon: autoDraw = True
36.3771 	EXP 	unnamed Polygon: autoDraw = True
36.3825 	EXP 	unnamed Polygon: autoDraw = True
36.3937 	EXP 	unnamed Polygon: autoDraw = True
36.3987 	EXP 	unnamed Polygon: autoDraw = True
36.4103 	EXP 	unnamed Polygon: autoDraw = True
36.4155 	EXP 	unnamed Polygon: autoDraw = True
36.4269 	EXP 	unnamed Polygon: autoDraw = True
36.4319 	EXP 	unnamed Polygon: autoDraw = True
36.4437 	EXP 	unnamed Polygon: autoDraw = True
36.4488 	EXP 	unnamed Polygon: autoDraw = True
36.4604 	EXP 	unnamed Polygon: autoDraw = True
36.4655 	EXP 	unnamed Polygon: autoDraw = True
36.4770 	EXP 	unnamed Polygon: autoDraw = True
36.4821 	EXP 	unnamed Polygon: autoDraw = True
36.4937 	EXP 	unnamed Polygon: autoDraw = True
36.4982 	EXP 	unnamed Polygon: autoDraw = True
36.5103 	EXP 	unnamed Polygon: autoDraw = True
36.5149 	EXP 	unnamed Polygon: autoDraw = True
36.5271 	EXP 	unnamed Polygon: autoDraw = True
36.5321 	EXP 	unnamed Polygon: autoDraw = True
36.5434 	EXP 	unnamed Polygon: autoDraw = False
45.4654 	DATA 	Keypress: 6
45.5026 	EXP 	unnamed TextStim: height = np.float64(0.04)
45.5026 	EXP 	unnamed TextStim: height = np.float64(0.04)
45.5026 	EXP 	unnamed TextStim: height = np.float64(0.04)
45.5026 	EXP 	unnamed TextStim: text = 'Instructions...\n\nYour goal is to make as much money as possible.\n\nRemember:\nWIN CIRCLES = win money\nLOSE SQUARES = lose money\n\nQUICKLY press the pointer button with your pointer finger when you see the solid white triangle.\n\nYou will get feedback on whether you pressed the pointer button in time and if you won or lost money.'
46.0537 	EXP 	Created unnamed TextStim = TextStim(__class__=<class 'psychopy.visual.text.TextStim'>, alignHoriz=method-wrapper(...), alignText='center', alignVert=method-wrapper(...), anchorHoriz='center', anchorVert='center', antialias=True, autoDraw=False, autoLog=True, bold=False, color=array([1., 1., 1.]), colorSpace='rgb', contrast=1.0, depth=0, draggable=False, flipHoriz=False, flipVert=False, font='', fontFiles=[], height=np.float64(0.08), italic=False, languageStyle='LTR', name='unnamed TextStim', opacity=1.0, ori=0.0, pos=array([-0.65,  0.15]), rgb=UNKNOWN, text='+', units='height', win=Window(...), wrapWidth=1)
46.0719 	EXP 	Created unnamed ImageStim = ImageStim(__class__=<class 'psychopy.visual.image.ImageStim'>, anchor=('center', 'center'), autoLog=True, color=array([1., 1., 1.]), colorSpace='rgb', contrast=1.0, depth=0, draggable=False, flipHoriz=np.False_, flipVert=np.False_, image='../stimuli/reward_high_200_british.png', interpolate=False, mask=None, maskParams=None, name='unnamed ImageStim', opacity=1, ori=0.0, pos=array([-0.35,  0.15]), size=array([0.2, 0.2]), texRes=128, units='height', win=Window(...))
46.0764 	EXP 	Created unnamed TextStim = TextStim(__class__=<class 'psychopy.visual.text.TextStim'>, alignHoriz=method-wrapper(...), alignText='center', alignVert=method-wrapper(...), anchorHoriz='center', anchorVert='center', antialias=True, autoDraw=False, autoLog=True, bold=False, color=array([1., 1., 1.]), colorSpace='rgb', contrast=1.0, depth=0, draggable=False, flipHoriz=False, flipVert=False, font='', fontFiles=[], height=np.float64(0.08), italic=False, languageStyle='LTR', name='unnamed TextStim', opacity=1.0, ori=0.0, pos=array([-0.15,  0.15]), rgb=UNKNOWN, text='+', units='height', win=Window(...), wrapWidth=1)
46.0801 	EXP 	Created unnamed Polygon = Polygon(__class__=<class 'psychopy.visual.polygon.Polygon'>, anchor=('center', 'center'), autoDraw=False, autoLog=True, closeShape=True, color=method-wrapper(...), colorSpace='rgb', contrast=None, depth=0, draggable=False, fillColor=array([1, 1, 1]), fillColorSpace='rgb', fillRGB=array([1, 1, 1]), interpolate=True, lineColor=array([1., 1., 1.]), lineColorSpace='rgb', lineRGB=array([1, 1, 1]), lineWidth=1.5, name='unnamed Polygon', opacity=1, ori=0.0, pos=array([0.15, 0.15]), size=array([1., 1.]), units='height', vertices=ndarray(...), win=Window(...), windingRule=None)
46.0827 	EXP 	Created unnamed TextStim = TextStim(__class__=<class 'psychopy.visual.text.TextStim'>, alignHoriz=method-wrapper(...), alignText='center', alignVert=method-wrapper(...), anchorHoriz='center', anchorVert='center', antialias=True, autoDraw=False, autoLog=True, bold=False, color=array([1., 1., 1.]), colorSpace='rgb', contrast=1.0, depth=0, draggable=False, flipHoriz=False, flipVert=False, font='', fontFiles=[], height=np.float64(0.08), italic=False, languageStyle='LTR', name='unnamed TextStim', opacity=1.0, ori=0.0, pos=array([0.35, 0.15]), rgb=UNKNOWN, text='+', units='height', win=Window(...), wrapWidth=1)
46.0895 	EXP 	Created unnamed TextStim = TextStim(__class__=<class 'psychopy.visual.text.TextStim'>, alignHoriz=method-wrapper(...), alignText='center', alignVert=method-wrapper(...), anchorHoriz='center', anchorVert='center', antialias=True, autoDraw=False, autoLog=True, bold=False, color=array([1., 1., 1.]), colorSpace='rgb', contrast=1.0, depth=0, draggable=False, flipHoriz=False, flipVert=False, font='', fontFiles=[], height=np.float64(0.08), italic=False, languageStyle='LTR', name='unnamed TextStim', opacity=1.0, ori=0.0, pos=array([0.65, 0.15]), rgb=UNKNOWN, text='Hit!\n+£2.00', units='height', win=Window(...), wrapWidth=1)
46.0897 	WARNING 	TextStim.alignHoriz is deprecated. Use alignText and anchorHoriz attributes instead
46.0956 	EXP 	Created unnamed TextStim = TextStim(__class__=<class 'psychopy.visual.text.TextStim'>, alignHoriz='center', alignText='center', alignVert=method-wrapper(...), anchorHoriz='center', anchorVert='center', antialias=True, autoDraw=False, autoLog=True, bold=False, color=array([1., 1., 1.]), colorSpace='rgb', contrast=1.0, depth=0, draggable=False, flipHoriz=False, flipVert=False, font='', fontFiles=[], height=np.float64(0.04), italic=False, languageStyle='LTR', name='unnamed TextStim', opacity=1.0, ori=0.0, pos=array([-0.65, -0.15]), rgb=UNKNOWN, text='Pay attention', units='height', win=Window(...), wrapWidth=0.1)
46.0958 	WARNING 	TextStim.alignHoriz is deprecated. Use alignText and anchorHoriz attributes instead
46.1006 	EXP 	Created unnamed TextStim = TextStim(__class__=<class 'psychopy.visual.text.TextStim'>, alignHoriz='center', alignText='center', alignVert=method-wrapper(...), anchorHoriz='center', anchorVert='center', antialias=True, autoDraw=False, autoLog=True, bold=False, color=array([1., 1., 1.]), colorSpace='rgb', contrast=1.0, depth=0, draggable=False, flipHoriz=False, flipVert=False, font='', fontFiles=[], height=np.float64(0.04), italic=False, languageStyle='LTR', name='unnamed TextStim', opacity=1.0, ori=0.0, pos=array([-0.35, -0.15]), rgb=UNKNOWN, text="Cue: don't respond yet", units='height', win=Window(...), wrapWidth=0.1)
46.1008 	WARNING 	TextStim.alignHoriz is deprecated. Use alignText and anchorHoriz attributes instead
46.1032 	EXP 	Created unnamed TextStim = TextStim(__class__=<class 'psychopy.visual.text.TextStim'>, alignHoriz='center', alignText='center', alignVert=method-wrapper(...), anchorHoriz='center', anchorVert='center', antialias=True, autoDraw=False, autoLog=True, bold=False, color=array([1., 1., 1.]), colorSpace='rgb', contrast=1.0, depth=0, draggable=False, flipHoriz=False, flipVert=False, font='', fontFiles=[], height=np.float64(0.04), italic=False, languageStyle='LTR', name='unnamed TextStim', opacity=1.0, ori=0.0, pos=array([-0.15, -0.15]), rgb=UNKNOWN, text='Pay attention', units='height', win=Window(...), wrapWidth=0.1)
46.1034 	WARNING 	TextStim.alignHoriz is deprecated. Use alignText and anchorHoriz attributes instead
46.1076 	EXP 	Created unnamed TextStim = TextStim(__class__=<class 'psychopy.visual.text.TextStim'>, alignHoriz='center', alignText='center', alignVert=method-wrapper(...), anchorHoriz='center', anchorVert='center', antialias=True, autoDraw=False, autoLog=True, bold=False, color=array([1., 1., 1.]), colorSpace='rgb', contrast=1.0, depth=0, draggable=False, flipHoriz=False, flipVert=False, font='', fontFiles=[], height=np.float64(0.04), italic=False, languageStyle='LTR', name='unnamed TextStim', opacity=1.0, ori=0.0, pos=array([ 0.15, -0.15]), rgb=UNKNOWN, text='Respond when solid triangle is on screen', units='height', win=Window(...), wrapWidth=0.1)
46.1077 	WARNING 	TextStim.alignHoriz is deprecated. Use alignText and anchorHoriz attributes instead
46.1098 	EXP 	Created unnamed TextStim = TextStim(__class__=<class 'psychopy.visual.text.TextStim'>, alignHoriz='center', alignText='center', alignVert=method-wrapper(...), anchorHoriz='center', anchorVert='center', antialias=True, autoDraw=False, autoLog=True, bold=False, color=array([1., 1., 1.]), colorSpace='rgb', contrast=1.0, depth=0, draggable=False, flipHoriz=False, flipVert=False, font='', fontFiles=[], height=np.float64(0.04), italic=False, languageStyle='LTR', name='unnamed TextStim', opacity=1.0, ori=0.0, pos=array([ 0.35, -0.15]), rgb=UNKNOWN, text='Pay attention', units='height', win=Window(...), wrapWidth=0.1)
46.1099 	WARNING 	TextStim.alignHoriz is deprecated. Use alignText and anchorHoriz attributes instead
46.1124 	EXP 	Created unnamed TextStim = TextStim(__class__=<class 'psychopy.visual.text.TextStim'>, alignHoriz='center', alignText='center', alignVert=method-wrapper(...), anchorHoriz='center', anchorVert='center', antialias=True, autoDraw=False, autoLog=True, bold=False, color=array([1., 1., 1.]), colorSpace='rgb', contrast=1.0, depth=0, draggable=False, flipHoriz=False, flipVert=False, font='', fontFiles=[], height=np.float64(0.04), italic=False, languageStyle='LTR', name='unnamed TextStim', opacity=1.0, ori=0.0, pos=array([ 0.65, -0.15]), rgb=UNKNOWN, text='Feedback', units='height', win=Window(...), wrapWidth=0.1)
46.1215 	DATA 	Keypress: 6
46.9762 	DATA 	Keypress: 6
48.7513 	DATA 	Keypress: 6
48.7535 	DATA 	Keypress: return
49.6737 	DATA 	Keypress: return
50.8463 	DATA 	Keypress: t
60.2335 	EXP 	unnamed Polygon: autoDraw = True
60.2335 	EXP 	unnamed Polygon: autoDraw = True
60.2438 	EXP 	unnamed Polygon: autoDraw = True
60.2485 	EXP 	unnamed Polygon: autoDraw = True
60.2606 	EXP 	unnamed Polygon: autoDraw = True
60.2657 	EXP 	unnamed Polygon: autoDraw = True
60.2772 	EXP 	unnamed Polygon: autoDraw = True
60.2820 	EXP 	unnamed Polygon: autoDraw = True
60.2938 	EXP 	unnamed Polygon: autoDraw = True
60.2983 	EXP 	unnamed Polygon: autoDraw = True
60.3104 	EXP 	unnamed Polygon: autoDraw = True
60.3152 	EXP 	unnamed Polygon: autoDraw = True
60.3270 	EXP 	unnamed Polygon: autoDraw = True
60.3315 	EXP 	unnamed Polygon: autoDraw = True
60.3438 	EXP 	unnamed Polygon: autoDraw = True
60.3485 	EXP 	unnamed Polygon: autoDraw = True
60.3605 	EXP 	unnamed Polygon: autoDraw = True
60.3660 	EXP 	unnamed Polygon: autoDraw = True
60.3770 	EXP 	unnamed Polygon: autoDraw = True
60.3814 	EXP 	unnamed Polygon: autoDraw = True
60.3938 	EXP 	unnamed Polygon: autoDraw = True
60.3991 	EXP 	unnamed Polygon: autoDraw = True
60.4106 	EXP 	unnamed Polygon: autoDraw = True
60.4156 	EXP 	unnamed Polygon: autoDraw = True
60.4271 	EXP 	unnamed Polygon: autoDraw = True
60.4316 	EXP 	unnamed Polygon: autoDraw = True
60.4438 	EXP 	unnamed Polygon: autoDraw = True
60.4473 	DATA 	Keypress: 6
60.4515 	EXP 	unnamed Polygon: autoDraw = True
60.4603 	EXP 	unnamed Polygon: autoDraw = True
60.4647 	EXP 	unnamed Polygon: autoDraw = True
60.4770 	EXP 	unnamed Polygon: autoDraw = True
60.4857 	EXP 	unnamed Polygon: autoDraw = False
61.9146 	EXP 	trial_feedback: height = np.float64(0.09)
61.9146 	EXP 	trial_feedback: height = np.float64(0.09)
61.9146 	EXP 	trial_feedback: height = np.float64(0.09)
61.9146 	EXP 	trial_feedback: text = 'Hit!\n+£0.50'
61.9146 	EXP 	trial_feedback: autoDraw = True
63.8981 	EXP 	trial_feedback: autoDraw = False
63.9178 	EXP 	trial_feedback: autoDraw = False
63.9178 	EXP 	exp_feedback: autoDraw = False
74.2438 	EXP 	unnamed Polygon: autoDraw = True
74.2438 	EXP 	unnamed Polygon: autoDraw = True
74.2484 	EXP 	unnamed Polygon: autoDraw = True
74.2605 	EXP 	unnamed Polygon: autoDraw = True
74.2649 	EXP 	unnamed Polygon: autoDraw = True
74.2772 	EXP 	unnamed Polygon: autoDraw = True
74.2824 	EXP 	unnamed Polygon: autoDraw = True
74.2939 	EXP 	unnamed Polygon: autoDraw = True
74.2988 	EXP 	unnamed Polygon: autoDraw = True
74.3105 	EXP 	unnamed Polygon: autoDraw = True
74.3156 	EXP 	unnamed Polygon: autoDraw = True
74.3271 	EXP 	unnamed Polygon: autoDraw = True
74.3321 	EXP 	unnamed Polygon: autoDraw = True
74.3438 	EXP 	unnamed Polygon: autoDraw = True
74.3489 	EXP 	unnamed Polygon: autoDraw = True
74.3605 	EXP 	unnamed Polygon: autoDraw = True
74.3653 	EXP 	unnamed Polygon: autoDraw = True
74.3772 	EXP 	unnamed Polygon: autoDraw = True
74.3822 	EXP 	unnamed Polygon: autoDraw = True
74.3937 	EXP 	unnamed Polygon: autoDraw = True
74.3987 	EXP 	unnamed Polygon: autoDraw = True
74.4106 	EXP 	unnamed Polygon: autoDraw = True
74.4158 	EXP 	unnamed Polygon: autoDraw = True
74.4271 	EXP 	unnamed Polygon: autoDraw = True
74.4315 	EXP 	unnamed Polygon: autoDraw = True
74.4438 	EXP 	unnamed Polygon: autoDraw = True
74.4482 	EXP 	unnamed Polygon: autoDraw = True
74.4606 	EXP 	unnamed Polygon: autoDraw = True
74.4657 	EXP 	unnamed Polygon: autoDraw = True
74.4772 	EXP 	unnamed Polygon: autoDraw = True
74.4860 	EXP 	unnamed Polygon: autoDraw = False
75.9292 	EXP 	trial_feedback: height = np.float64(0.09)
75.9292 	EXP 	trial_feedback: height = np.float64(0.09)
75.9292 	EXP 	trial_feedback: height = np.float64(0.09)
75.9292 	EXP 	trial_feedback: text = 'Miss!\n£0.00'
75.9292 	EXP 	trial_feedback: autoDraw = True
77.9147 	EXP 	trial_feedback: autoDraw = False
77.9343 	EXP 	trial_feedback: autoDraw = False
77.9343 	EXP 	exp_feedback: autoDraw = False
88.1830 	EXP 	unnamed Polygon: autoDraw = True
88.1830 	EXP 	unnamed Polygon: autoDraw = True
88.1939 	EXP 	unnamed Polygon: autoDraw = True
88.1989 	EXP 	unnamed Polygon: autoDraw = True
88.2106 	EXP 	unnamed Polygon: autoDraw = True
88.2162 	EXP 	unnamed Polygon: autoDraw = True
88.2273 	EXP 	unnamed Polygon: autoDraw = True
88.2325 	EXP 	unnamed Polygon: autoDraw = True
88.2442 	EXP 	unnamed Polygon: autoDraw = True
88.2488 	EXP 	unnamed Polygon: autoDraw = True
88.2605 	EXP 	unnamed Polygon: autoDraw = True
88.2648 	EXP 	unnamed Polygon: autoDraw = True
88.2773 	EXP 	unnamed Polygon: autoDraw = True
88.2820 	EXP 	unnamed Polygon: autoDraw = True
88.2939 	EXP 	unnamed Polygon: autoDraw = True
88.2991 	EXP 	unnamed Polygon: autoDraw = True
88.3105 	EXP 	unnamed Polygon: autoDraw = True
88.3156 	EXP 	unnamed Polygon: autoDraw = True
88.3272 	EXP 	unnamed Polygon: autoDraw = True
88.3320 	EXP 	unnamed Polygon: autoDraw = True
88.3439 	EXP 	unnamed Polygon: autoDraw = True
88.3490 	EXP 	unnamed Polygon: autoDraw = True
88.3605 	EXP 	unnamed Polygon: autoDraw = True
88.3654 	EXP 	unnamed Polygon: autoDraw = True
88.3771 	EXP 	unnamed Polygon: autoDraw = True
88.3820 	EXP 	unnamed Polygon: autoDraw = True
88.3938 	EXP 	unnamed Polygon: autoDraw = True
88.3988 	EXP 	unnamed Polygon: autoDraw = True
88.4106 	EXP 	unnamed Polygon: autoDraw = True
88.4158 	EXP 	unnamed Polygon: autoDraw = True
88.4272 	EXP 	unnamed Polygon: autoDraw = True
88.4354 	EXP 	unnamed Polygon: autoDraw = False
89.9451 	EXP 	trial_feedback: height = np.float64(0.09)
89.9451 	EXP 	trial_feedback: height = np.float64(0.09)
89.9451 	EXP 	trial_feedback: height = np.float64(0.09)
89.9451 	EXP 	trial_feedback: text = 'Miss!\n-£0.00'
89.9451 	EXP 	trial_feedback: autoDraw = True
91.9315 	EXP 	trial_feedback: autoDraw = False
91.9510 	EXP 	trial_feedback: autoDraw = False
91.9510 	EXP 	exp_feedback: autoDraw = False
100.0323 	EXP 	unnamed Polygon: autoDraw = True
100.0323 	EXP 	unnamed Polygon: autoDraw = True
100.0439 	EXP 	unnamed Polygon: autoDraw = True
100.0488 	EXP 	unnamed Polygon: autoDraw = True
100.0606 	EXP 	unnamed Polygon: autoDraw = True
100.0658 	EXP 	unnamed Polygon: autoDraw = True
100.0772 	EXP 	unnamed Polygon: autoDraw = True
100.0815 	EXP 	unnamed Polygon: autoDraw = True
100.0938 	EXP 	unnamed Polygon: autoDraw = True
100.0989 	EXP 	unnamed Polygon: autoDraw = True
100.1107 	EXP 	unnamed Polygon: autoDraw = True
100.1161 	EXP 	unnamed Polygon: autoDraw = True
100.1273 	EXP 	unnamed Polygon: autoDraw = True
100.1326 	EXP 	unnamed Polygon: autoDraw = True
100.1440 	EXP 	unnamed Polygon: autoDraw = True
100.1486 	EXP 	unnamed Polygon: autoDraw = True
100.1606 	EXP 	unnamed Polygon: autoDraw = True
100.1651 	EXP 	unnamed Polygon: autoDraw = True
100.1773 	EXP 	unnamed Polygon: autoDraw = True
100.1818 	EXP 	unnamed Polygon: autoDraw = True
100.1939 	EXP 	unnamed Polygon: autoDraw = True
100.1992 	EXP 	unnamed Polygon: autoDraw = True
100.2106 	EXP 	unnamed Polygon: autoDraw = True
100.2158 	EXP 	unnamed Polygon: autoDraw = True
100.2273 	EXP 	unnamed Polygon: autoDraw = True
100.2318 	EXP 	unnamed Polygon: autoDraw = True
100.2438 	EXP 	unnamed Polygon: autoDraw = True
100.2481 	EXP 	unnamed Polygon: autoDraw = True
100.2606 	EXP 	unnamed Polygon: autoDraw = True
100.2651 	EXP 	unnamed Polygon: autoDraw = True
100.2772 	EXP 	unnamed Polygon: autoDraw = True
100.2818 	EXP 	unnamed Polygon: autoDraw = True
100.2939 	EXP 	unnamed Polygon: autoDraw = True
100.3028 	EXP 	unnamed Polygon: autoDraw = False
101.9653 	EXP 	trial_feedback: text = 'Miss!\n-£0.00'
101.9653 	EXP 	trial_feedback: autoDraw = True
103.9610 	EXP 	trial_feedback: autoDraw = False
103.9689 	EXP 	trial_feedback: autoDraw = False
103.9689 	EXP 	exp_feedback: autoDraw = False
110.3667 	EXP 	unnamed Polygon: autoDraw = True
110.3667 	EXP 	unnamed Polygon: autoDraw = True
110.3772 	EXP 	unnamed Polygon: autoDraw = True
110.3817 	EXP 	unnamed Polygon: autoDraw = True
110.3940 	EXP 	unnamed Polygon: autoDraw = True
110.3985 	EXP 	unnamed Polygon: autoDraw = True
110.4106 	EXP 	unnamed Polygon: autoDraw = True
110.4158 	EXP 	unnamed Polygon: autoDraw = True
110.4273 	EXP 	unnamed Polygon: autoDraw = True
110.4322 	EXP 	unnamed Polygon: autoDraw = True
110.4438 	EXP 	unnamed Polygon: autoDraw = True
110.4490 	EXP 	unnamed Polygon: autoDraw = True
110.4606 	EXP 	unnamed Polygon: autoDraw = True
110.4654 	EXP 	unnamed Polygon: autoDraw = True
110.4774 	EXP 	unnamed Polygon: autoDraw = True
110.4829 	EXP 	unnamed Polygon: autoDraw = True
110.4939 	EXP 	unnamed Polygon: autoDraw = True
110.4993 	EXP 	unnamed Polygon: autoDraw = True
110.5105 	EXP 	unnamed Polygon: autoDraw = True
110.5150 	EXP 	unnamed Polygon: autoDraw = True
110.5273 	EXP 	unnamed Polygon: autoDraw = True
110.5322 	EXP 	unnamed Polygon: autoDraw = True
110.5441 	EXP 	unnamed Polygon: autoDraw = True
110.5492 	EXP 	unnamed Polygon: autoDraw = True
110.5607 	EXP 	unnamed Polygon: autoDraw = True
110.5657 	EXP 	unnamed Polygon: autoDraw = True
110.5774 	EXP 	unnamed Polygon: autoDraw = True
110.5825 	EXP 	unnamed Polygon: autoDraw = True
110.5940 	EXP 	unnamed Polygon: autoDraw = True
110.5989 	EXP 	unnamed Polygon: autoDraw = True
110.6107 	EXP 	unnamed Polygon: autoDraw = True
110.6155 	EXP 	unnamed Polygon: autoDraw = True
110.6273 	EXP 	unnamed Polygon: autoDraw = True
110.6360 	EXP 	unnamed Polygon: autoDraw = False
111.9706 	EXP 	trial_feedback: height = np.float64(0.09)
111.9706 	EXP 	trial_feedback: height = np.float64(0.09)
111.9706 	EXP 	trial_feedback: height = np.float64(0.09)
111.9706 	EXP 	trial_feedback: text = 'Miss!\n£0.00'
111.9706 	EXP 	trial_feedback: autoDraw = True
113.9606 	EXP 	trial_feedback: autoDraw = False
113.9668 	EXP 	trial_feedback: autoDraw = False
113.9668 	EXP 	exp_feedback: autoDraw = False
115.2780 	WARNING 	Escape pressed, exiting early!
115.2780 	WARNING 	Total earnings: 0.5
