15.8776 	WARNING 	Monitor specification not found. Creating a temporary one...
15.8986 	WARNING 	User requested fullscreen with size [1920 1080], but screen is actually [2240, 1260]. Using actual size
17.3606 	WARNING 	Couldn't measure a consistent frame rate!
  - Is your graphics card set to sync to vertical blank?
  - Are you running other processes on your computer?

17.3611 	EXP 	Created window1 = Window(allowGUI=True, allowStencil=False, autoLog=True, backendConf=UNKNOWN, backgroundFit=<method-wrapper '__getattribute__' of attributeSetter object at 0x14b6525f0>, backgroundImage=<method-wrapper '__getattribute__' of attributeSetter object at 0x14b652650>, bitsMode=UNKNOWN, blendMode='avg', bpc=(8, 8, 8), color=array([-1, -1, -1]), colorSpace='rgb', depthBits=8, fullscr=True, gamma=None, gammaErrorPolicy='raise', infoMsg=UNKNOWN, lms=UNKNOWN, monitor=<psychopy.monitors.calibTools.Monitor object at 0x14b3148b0>, multiSample=False, name='window1', numSamples=2, pos=[np.float64(0.0), np.float64(0.0)], screen=0, size=array([4480, 2520]), stencilBits=0, stereo=False, title='PsychoPy', units='height', useFBO=False, useRetina=True, viewOri=0.0, viewPos=None, viewScale=None, waitBlanking=True, winType='pyglet')
17.3611 	EXP 	window1: backgroundImage = None
17.3612 	EXP 	window1: backgroundFit = 'cover'
17.3644 	EXP 	window1: Attempting to measure frame rate of screen (0) ...
17.3644 	EXP 	window1: recordFrameIntervals = False
17.4495 	EXP 	window1: recordFrameIntervals = True
18.2830 	WARNING 	Couldn't measure a consistent frame rate!
  - Is your graphics card set to sync to vertical blank?
  - Are you running other processes on your computer?

18.3305 	EXP 	Created unnamed TextStim = TextStim(__class__=<class 'psychopy.visual.text.TextStim'>, alignHoriz=method-wrapper(...), alignText='center', alignVert=method-wrapper(...), anchorHoriz='center', anchorVert='center', antialias=True, autoDraw=False, autoLog=True, bold=False, color=array([1., 1., 1.]), colorSpace='rgb', contrast=1.0, depth=0, draggable=False, flipHoriz=False, flipVert=False, font='', fontFiles=[], height=np.float64(0.04), italic=False, languageStyle='LTR', name='unnamed TextStim', opacity=1.0, ori=0.0, pos=array([ 0.        , -0.33333333]), rgb=UNKNOWN, text='Press the button to continue.', units='height', win=Window(...), wrapWidth=1)
18.3338 	EXP 	Created unnamed TextStim = TextStim(__class__=<class 'psychopy.visual.text.TextStim'>, alignHoriz=method-wrapper(...), alignText='center', alignVert=method-wrapper(...), anchorHoriz='center', anchorVert='center', antialias=True, autoDraw=False, autoLog=True, bold=False, color=array([1., 1., 1.]), colorSpace='rgb', contrast=1.0, depth=0, draggable=False, flipHoriz=False, flipVert=False, font='', fontFiles=[], height=np.float64(0.08), italic=False, languageStyle='LTR', name='unnamed TextStim', opacity=1.0, ori=0.0, pos=array([0., 0.]), rgb=UNKNOWN, text='+', units='height', win=Window(...), wrapWidth=1)
18.3401 	EXP 	Created unnamed TextStim = TextStim(__class__=<class 'psychopy.visual.text.TextStim'>, alignHoriz=method-wrapper(...), alignText='center', alignVert=method-wrapper(...), anchorHoriz='center', anchorVert='center', antialias=True, autoDraw=False, autoLog=True, bold=False, color=array([1., 1., 1.]), colorSpace='rgb', contrast=1.0, depth=0, draggable=False, flipHoriz=False, flipVert=False, font='', fontFiles=[], height=np.float64(0.04), italic=False, languageStyle='LTR', name='unnamed TextStim', opacity=1.0, ori=0.0, pos=array([0., 0.]), rgb=UNKNOWN, text=str(...), units='height', win=Window(...), wrapWidth=1.1851851851851851)
18.3472 	EXP 	Created unnamed TextStim = TextStim(__class__=<class 'psychopy.visual.text.TextStim'>, alignHoriz=method-wrapper(...), alignText='center', alignVert=method-wrapper(...), anchorHoriz='center', anchorVert='center', antialias=True, autoDraw=False, autoLog=True, bold=False, color=array([1., 1., 1.]), colorSpace='rgb', contrast=1.0, depth=0, draggable=False, flipHoriz=False, flipVert=False, font='Arial', fontFiles=[], height=np.float64(0.04), italic=False, languageStyle='LTR', name='unnamed TextStim', opacity=1.0, ori=0.0, pos=array([0. , 0.1]), rgb=UNKNOWN, text='Hello World', units='height', win=Window(...), wrapWidth=1.1851851851851851)
18.3518 	EXP 	Created unnamed TextStim = TextStim(__class__=<class 'psychopy.visual.text.TextStim'>, alignHoriz=method-wrapper(...), alignText='center', alignVert=method-wrapper(...), anchorHoriz='center', anchorVert='center', antialias=True, autoDraw=False, autoLog=True, bold=False, color=array([1., 1., 1.]), colorSpace='rgb', contrast=1.0, depth=0, draggable=False, flipHoriz=False, flipVert=False, font='', fontFiles=[], height=np.float64(0.04), italic=False, languageStyle='LTR', name='unnamed TextStim', opacity=1.0, ori=0.0, pos=array([0., 0.]), rgb=UNKNOWN, text='Get Ready!', units='height', win=Window(...), wrapWidth=1.1851851851851851)
18.3574 	EXP 	Created unnamed TextStim = TextStim(__class__=<class 'psychopy.visual.text.TextStim'>, alignHoriz=method-wrapper(...), alignText='center', alignVert=method-wrapper(...), anchorHoriz='center', anchorVert='center', antialias=True, autoDraw=False, autoLog=True, bold=False, color=array([1., 1., 1.]), colorSpace='rgb', contrast=1.0, depth=0, draggable=False, flipHoriz=False, flipVert=False, font='', fontFiles=[], height=np.float64(0.04), italic=False, languageStyle='LTR', name='unnamed TextStim', opacity=1.0, ori=0.0, pos=array([0., 0.]), rgb=UNKNOWN, text='The task will begin momentarily. Get ready...', units='height', win=Window(...), wrapWidth=1)
18.3614 	EXP 	Created unnamed TextStim = TextStim(__class__=<class 'psychopy.visual.text.TextStim'>, alignHoriz=method-wrapper(...), alignText='center', alignVert=method-wrapper(...), anchorHoriz='center', anchorVert='center', antialias=True, autoDraw=False, autoLog=True, bold=False, color=array([1., 1., 1.]), colorSpace='rgb', contrast=1.0, depth=0, draggable=False, flipHoriz=False, flipVert=False, font='', fontFiles=[], height=np.float64(0.04), italic=False, languageStyle='LTR', name='unnamed TextStim', opacity=1.0, ori=0.0, pos=array([0., 0.]), rgb=UNKNOWN, text=str(...), units='height', win=Window(...), wrapWidth=1.1851851851851851)
18.3790 	EXP 	Created unnamed ImageStim = ImageStim(__class__=<class 'psychopy.visual.image.ImageStim'>, anchor=('center', 'center'), autoLog=True, color=array([1., 1., 1.]), colorSpace='rgb', contrast=1.0, depth=0, draggable=False, flipHoriz=np.False_, flipVert=np.False_, image='../stimuli/reward_neut_0_british.png', interpolate=False, mask=None, maskParams=None, name='unnamed ImageStim', opacity=1, ori=0.0, pos=array([0., 0.]), size=array([0.3, 0.3]), texRes=128, units='height', win=Window(...))
18.3860 	EXP 	Created unnamed ImageStim = ImageStim(__class__=<class 'psychopy.visual.image.ImageStim'>, anchor=('center', 'center'), autoLog=True, color=array([1., 1., 1.]), colorSpace='rgb', contrast=1.0, depth=0, draggable=False, flipHoriz=np.False_, flipVert=np.False_, image='../stimuli/reward_low_050_british.png', interpolate=False, mask=None, maskParams=None, name='unnamed ImageStim', opacity=1, ori=0.0, pos=array([0., 0.]), size=array([0.3, 0.3]), texRes=128, units='height', win=Window(...))
18.3918 	EXP 	Created unnamed ImageStim = ImageStim(__class__=<class 'psychopy.visual.image.ImageStim'>, anchor=('center', 'center'), autoLog=True, color=array([1., 1., 1.]), colorSpace='rgb', contrast=1.0, depth=0, draggable=False, flipHoriz=np.False_, flipVert=np.False_, image='../stimuli/reward_high_200_british.png', interpolate=False, mask=None, maskParams=None, name='unnamed ImageStim', opacity=1, ori=0.0, pos=array([0., 0.]), size=array([0.3, 0.3]), texRes=128, units='height', win=Window(...))
18.3979 	EXP 	Created unnamed ImageStim = ImageStim(__class__=<class 'psychopy.visual.image.ImageStim'>, anchor=('center', 'center'), autoLog=True, color=array([1., 1., 1.]), colorSpace='rgb', contrast=1.0, depth=0, draggable=False, flipHoriz=np.False_, flipVert=np.False_, image='../stimuli/loss_neut_0_british.png', interpolate=False, mask=None, maskParams=None, name='unnamed ImageStim', opacity=1, ori=0.0, pos=array([0., 0.]), size=array([0.3, 0.3]), texRes=128, units='height', win=Window(...))
18.4040 	EXP 	Created unnamed ImageStim = ImageStim(__class__=<class 'psychopy.visual.image.ImageStim'>, anchor=('center', 'center'), autoLog=True, color=array([1., 1., 1.]), colorSpace='rgb', contrast=1.0, depth=0, draggable=False, flipHoriz=np.False_, flipVert=np.False_, image='../stimuli/loss_low_050_british.png', interpolate=False, mask=None, maskParams=None, name='unnamed ImageStim', opacity=1, ori=0.0, pos=array([0., 0.]), size=array([0.3, 0.3]), texRes=128, units='height', win=Window(...))
18.4105 	EXP 	Created unnamed ImageStim = ImageStim(__class__=<class 'psychopy.visual.image.ImageStim'>, anchor=('center', 'center'), autoLog=True, color=array([1., 1., 1.]), colorSpace='rgb', contrast=1.0, depth=0, draggable=False, flipHoriz=np.False_, flipVert=np.False_, image='../stimuli/loss_high_200_british.png', interpolate=False, mask=None, maskParams=None, name='unnamed ImageStim', opacity=1, ori=0.0, pos=array([0., 0.]), size=array([0.3, 0.3]), texRes=128, units='height', win=Window(...))
18.4551 	EXP 	Created unnamed Polygon = Polygon(__class__=<class 'psychopy.visual.polygon.Polygon'>, anchor=('center', 'center'), autoDraw=False, autoLog=True, closeShape=True, color=method-wrapper(...), colorSpace='rgb', contrast=None, depth=0, draggable=False, fillColor=array([1, 1, 1]), fillColorSpace='rgb', fillRGB=array([1, 1, 1]), interpolate=True, lineColor=array([1., 1., 1.]), lineColorSpace='rgb', lineRGB=array([1, 1, 1]), lineWidth=1.5, name='unnamed Polygon', opacity=1, ori=0.0, pos=array([0., 0.]), size=array([1., 1.]), units='height', vertices=ndarray(...), win=Window(...), windingRule=None)
18.4584 	EXP 	Created trial_feedback = TextStim(__class__=<class 'psychopy.visual.text.TextStim'>, alignHoriz=method-wrapper(...), alignText='center', alignVert=method-wrapper(...), anchorHoriz='center', anchorVert='center', antialias=True, autoDraw=False, autoLog=True, bold=False, color=array([1., 1., 1.]), colorSpace='rgb', contrast=1.0, depth=0, draggable=False, flipHoriz=False, flipVert=False, font='Arial', fontFiles=[], height=np.float64(0.09), italic=False, languageStyle='LTR', name='trial_feedback', opacity=1, ori=0, pos=array([0., 0.]), rgb=UNKNOWN, text='Trial:', units='height', win=Window(...), wrapWidth=1)
18.4613 	EXP 	Created exp_feedback = TextStim(__class__=<class 'psychopy.visual.text.TextStim'>, alignHoriz=method-wrapper(...), alignText='center', alignVert=method-wrapper(...), anchorHoriz='center', anchorVert='center', antialias=True, autoDraw=False, autoLog=True, bold=False, color=array([1., 1., 1.]), colorSpace='rgb', contrast=1.0, depth=0, draggable=False, flipHoriz=False, flipVert=False, font='Arial', fontFiles=[], height=np.float64(0.09), italic=False, languageStyle='LTR', name='exp_feedback', opacity=1, ori=0, pos=array([ 0.    , -0.0625]), rgb=UNKNOWN, text='Total:', units='height', win=Window(...), wrapWidth=1)
18.4661 	EXP 	Created unnamed TextStim = TextStim(__class__=<class 'psychopy.visual.text.TextStim'>, alignHoriz=method-wrapper(...), alignText='center', alignVert=method-wrapper(...), anchorHoriz='center', anchorVert='center', antialias=True, autoDraw=False, autoLog=True, bold=False, color=array([1., 1., 1.]), colorSpace='rgb', contrast=1.0, depth=0, draggable=False, flipHoriz=False, flipVert=False, font='', fontFiles=[], height=np.float64(0.04), italic=False, languageStyle='LTR', name='unnamed TextStim', opacity=1.0, ori=0.0, pos=array([0., 0.]), rgb=UNKNOWN, text=str(...), units='height', win=Window(...), wrapWidth=1)
18.4676 	EXP 	Created unnamed TextStim = TextStim(__class__=<class 'psychopy.visual.text.TextStim'>, alignHoriz=method-wrapper(...), alignText='center', alignVert=method-wrapper(...), anchorHoriz='center', anchorVert='center', antialias=True, autoDraw=False, autoLog=True, bold=False, color=array([1., 1., 1.]), colorSpace='rgb', contrast=1.0, depth=0, draggable=False, flipHoriz=False, flipVert=False, font='', fontFiles=[], height=np.float64(0.04), italic=False, languageStyle='LTR', name='unnamed TextStim', opacity=1.0, ori=0.0, pos=array([0., 0.]), rgb=UNKNOWN, text='Get ready', units='height', win=Window(...), wrapWidth=1)
18.4698 	EXP 	Created unnamed TextStim = TextStim(__class__=<class 'psychopy.visual.text.TextStim'>, alignHoriz=method-wrapper(...), alignText='center', alignVert=method-wrapper(...), anchorHoriz='center', anchorVert='center', antialias=True, autoDraw=False, autoLog=True, bold=False, color=array([1., 1., 1.]), colorSpace='rgb', contrast=1.0, depth=0, draggable=False, flipHoriz=False, flipVert=False, font='', fontFiles=[], height=np.float64(0.04), italic=False, languageStyle='LTR', name='unnamed TextStim', opacity=1.0, ori=0.0, pos=array([0., 0.]), rgb=UNKNOWN, text='Please wait\n\n', units='height', win=Window(...), wrapWidth=1)
18.5515 	WARNING 	t of last frame was 268.59ms (=1/3)
18.5515 	EXP 	unnamed TextStim: height = np.float64(0.04)
18.5515 	EXP 	unnamed TextStim: height = np.float64(0.04)
18.5515 	EXP 	unnamed TextStim: height = np.float64(0.04)
18.5515 	EXP 	unnamed TextStim: text = 'We will now practice the Money Game that you will be doing in the scanner.\n\nYour goal is to win money and avoid losing money.\n\n\n\nThis game has many rounds.\n\nEvery round has the same basic order of events.'
21.3148 	DATA 	Keypress: 1
21.3269 	WARNING 	t of last frame was 2775.38ms (=1/0)
21.3269 	EXP 	unnamed TextStim: height = np.float64(0.04)
21.3269 	EXP 	unnamed TextStim: height = np.float64(0.04)
21.3269 	EXP 	unnamed TextStim: height = np.float64(0.04)
21.3269 	EXP 	unnamed TextStim: text = 'First you will see a cross in the middle of the screen, like this:\n\n+\n\nThis means you should focus on the screen and get ready to play. '
23.5216 	DATA 	Keypress: 1
23.5397 	WARNING 	t of last frame was 2212.82ms (=1/0)
23.5397 	EXP 	unnamed TextStim: height = np.float64(0.04)
23.5397 	EXP 	unnamed TextStim: height = np.float64(0.04)
23.5397 	EXP 	unnamed TextStim: height = np.float64(0.04)
23.5397 	EXP 	unnamed TextStim: text = 'Next you will see a cue that tells you if you can win or lose money.\nIt will also tell you how much money you can win or lose for that round.\n\nHere are the 6 possibilities:\n\n\n\n\n\n\n'
31.9443 	DATA 	Keypress: 1
31.9533 	WARNING 	t of last frame was 8413.60ms (=1/0)
31.9533 	EXP 	unnamed TextStim: height = np.float64(0.04)
31.9533 	EXP 	unnamed TextStim: height = np.float64(0.04)
31.9533 	EXP 	unnamed TextStim: height = np.float64(0.04)
31.9533 	EXP 	unnamed TextStim: text = 'Then, you will see another cross in the middle of the screen:\n\n\n\n+'
33.8237 	DATA 	Keypress: 1
33.8322 	EXP 	Created unnamed Polygon = Polygon(__class__=<class 'psychopy.visual.polygon.Polygon'>, anchor=('center', 'center'), autoDraw=False, autoLog=True, closeShape=True, color=method-wrapper(...), colorSpace='rgb', contrast=None, depth=0, draggable=False, fillColor=array([1, 1, 1]), fillColorSpace='rgb', fillRGB=array([1, 1, 1]), interpolate=True, lineColor=array([1., 1., 1.]), lineColorSpace='rgb', lineRGB=array([1, 1, 1]), lineWidth=1.5, name='unnamed Polygon', opacity=1, ori=0.0, pos=array([0. , 0.1]), size=array([1., 1.]), units='height', vertices=ndarray(...), win=Window(...), windingRule=None)
33.8394 	WARNING 	Multiple dropped frames have occurred - I'll stop bothering you about them!
33.8393 	EXP 	unnamed TextStim: height = np.float64(0.04)
33.8393 	EXP 	unnamed TextStim: height = np.float64(0.04)
33.8393 	EXP 	unnamed TextStim: height = np.float64(0.04)
33.8393 	EXP 	unnamed TextStim: text = 'Next, a solid WHITE TRIANGLE will appear VERY BRIEFLY on the screen:\n\n \n\n \n\n \n\nTo win money or avoid losing money you need to press the button while the solid WHITE TRIANGLE is on the screen.'
36.7936 	DATA 	Keypress: 1
36.8049 	EXP 	unnamed TextStim: height = np.float64(0.04)
36.8049 	EXP 	unnamed TextStim: height = np.float64(0.04)
36.8049 	EXP 	unnamed TextStim: height = np.float64(0.04)
36.8049 	EXP 	unnamed TextStim: text = 'For WIN CIRCLES, pressing the button while the solid white triangle is on the screen means you will WIN money.\n\nIf you press too late, you will MISS WINNING money.\n\n\n\n\n\n\n\n'
41.4062 	DATA 	Keypress: 1
41.4192 	EXP 	unnamed TextStim: height = np.float64(0.04)
41.4192 	EXP 	unnamed TextStim: height = np.float64(0.04)
41.4192 	EXP 	unnamed TextStim: height = np.float64(0.04)
41.4192 	EXP 	unnamed TextStim: text = 'For LOSE SQUARES, pressing the button while the solid white triangle is on the screen means you will NOT LOSE money.\n\nIf you press too late, you WILL LOSE money.\n\n\n\n\n\n\n\n'
45.5012 	DATA 	Keypress: 1
45.5117 	EXP 	unnamed TextStim: height = np.float64(0.04)
45.5117 	EXP 	unnamed TextStim: height = np.float64(0.04)
45.5117 	EXP 	unnamed TextStim: height = np.float64(0.04)
45.5117 	EXP 	unnamed TextStim: text = 'Make sure to try and respond to every triangle, including for the £0.00 rounds\n\n\n\n\n\n'
48.2687 	DATA 	Keypress: 1
48.3113 	EXP 	Created unnamed ImageStim = ImageStim(__class__=<class 'psychopy.visual.image.ImageStim'>, anchor=('center', 'center'), autoLog=True, color=array([1., 1., 1.]), colorSpace='rgb', contrast=1.0, depth=0, draggable=False, flipHoriz=np.False_, flipVert=np.False_, image='../stimuli/instructions/feedback_table.png', interpolate=False, mask=None, maskParams=None, name='unnamed ImageStim', opacity=1, ori=0.0, pos=array([ 0.  , -0.05]), size=array([0.4, 0.4]), texRes=128, units='height', win=Window(...))
48.3165 	EXP 	unnamed TextStim: height = np.float64(0.04)
48.3165 	EXP 	unnamed TextStim: height = np.float64(0.04)
48.3165 	EXP 	unnamed TextStim: height = np.float64(0.04)
48.3165 	EXP 	unnamed TextStim: text = 'We will let you know if you pressed the button in time and if you won or lost money for that round\n\n\n\n\n\n'
67.3714 	DATA 	Keypress: 1
67.3787 	EXP 	Created unnamed TextStim = TextStim(__class__=<class 'psychopy.visual.text.TextStim'>, alignHoriz=method-wrapper(...), alignText='center', alignVert=method-wrapper(...), anchorHoriz='center', anchorVert='center', antialias=True, autoDraw=False, autoLog=True, bold=False, color=array([1., 1., 1.]), colorSpace='rgb', contrast=1.0, depth=0, draggable=False, flipHoriz=False, flipVert=False, font='', fontFiles=[], height=np.float64(0.08), italic=False, languageStyle='LTR', name='unnamed TextStim', opacity=1.0, ori=0.0, pos=array([-0.65,  0.15]), rgb=UNKNOWN, text='+', units='height', win=Window(...), wrapWidth=1)
67.3860 	EXP 	Created unnamed ImageStim = ImageStim(__class__=<class 'psychopy.visual.image.ImageStim'>, anchor=('center', 'center'), autoLog=True, color=array([1., 1., 1.]), colorSpace='rgb', contrast=1.0, depth=0, draggable=False, flipHoriz=np.False_, flipVert=np.False_, image='../stimuli/reward_high_200_british.png', interpolate=False, mask=None, maskParams=None, name='unnamed ImageStim', opacity=1, ori=0.0, pos=array([-0.35,  0.15]), size=array([0.2, 0.2]), texRes=128, units='height', win=Window(...))
67.3873 	EXP 	Created unnamed TextStim = TextStim(__class__=<class 'psychopy.visual.text.TextStim'>, alignHoriz=method-wrapper(...), alignText='center', alignVert=method-wrapper(...), anchorHoriz='center', anchorVert='center', antialias=True, autoDraw=False, autoLog=True, bold=False, color=array([1., 1., 1.]), colorSpace='rgb', contrast=1.0, depth=0, draggable=False, flipHoriz=False, flipVert=False, font='', fontFiles=[], height=np.float64(0.08), italic=False, languageStyle='LTR', name='unnamed TextStim', opacity=1.0, ori=0.0, pos=array([-0.15,  0.15]), rgb=UNKNOWN, text='+', units='height', win=Window(...), wrapWidth=1)
67.3889 	EXP 	Created unnamed Polygon = Polygon(__class__=<class 'psychopy.visual.polygon.Polygon'>, anchor=('center', 'center'), autoDraw=False, autoLog=True, closeShape=True, color=method-wrapper(...), colorSpace='rgb', contrast=None, depth=0, draggable=False, fillColor=array([1, 1, 1]), fillColorSpace='rgb', fillRGB=array([1, 1, 1]), interpolate=True, lineColor=array([1., 1., 1.]), lineColorSpace='rgb', lineRGB=array([1, 1, 1]), lineWidth=1.5, name='unnamed Polygon', opacity=1, ori=0.0, pos=array([0.15, 0.15]), size=array([1., 1.]), units='height', vertices=ndarray(...), win=Window(...), windingRule=None)
67.3901 	EXP 	Created unnamed TextStim = TextStim(__class__=<class 'psychopy.visual.text.TextStim'>, alignHoriz=method-wrapper(...), alignText='center', alignVert=method-wrapper(...), anchorHoriz='center', anchorVert='center', antialias=True, autoDraw=False, autoLog=True, bold=False, color=array([1., 1., 1.]), colorSpace='rgb', contrast=1.0, depth=0, draggable=False, flipHoriz=False, flipVert=False, font='', fontFiles=[], height=np.float64(0.08), italic=False, languageStyle='LTR', name='unnamed TextStim', opacity=1.0, ori=0.0, pos=array([0.35, 0.15]), rgb=UNKNOWN, text='+', units='height', win=Window(...), wrapWidth=1)
67.3936 	EXP 	Created unnamed TextStim = TextStim(__class__=<class 'psychopy.visual.text.TextStim'>, alignHoriz=method-wrapper(...), alignText='center', alignVert=method-wrapper(...), anchorHoriz='center', anchorVert='center', antialias=True, autoDraw=False, autoLog=True, bold=False, color=array([1., 1., 1.]), colorSpace='rgb', contrast=1.0, depth=0, draggable=False, flipHoriz=False, flipVert=False, font='', fontFiles=[], height=np.float64(0.08), italic=False, languageStyle='LTR', name='unnamed TextStim', opacity=1.0, ori=0.0, pos=array([0.65, 0.15]), rgb=UNKNOWN, text='Hit!\n+£2.00', units='height', win=Window(...), wrapWidth=1)
67.3966 	EXP 	Created unnamed TextStim = TextStim(__class__=<class 'psychopy.visual.text.TextStim'>, alignHoriz=method-wrapper(...), alignText='center', alignVert=method-wrapper(...), anchorHoriz='center', anchorVert='center', antialias=True, autoDraw=False, autoLog=True, bold=False, color=array([1., 1., 1.]), colorSpace='rgb', contrast=1.0, depth=0, draggable=False, flipHoriz=False, flipVert=False, font='', fontFiles=[], height=np.float64(0.04), italic=False, languageStyle='LTR', name='unnamed TextStim', opacity=1.0, ori=0.0, pos=array([-0.65, -0.15]), rgb=UNKNOWN, text='Pay attention', units='height', win=Window(...), wrapWidth=0.15)
67.3996 	EXP 	Created unnamed TextStim = TextStim(__class__=<class 'psychopy.visual.text.TextStim'>, alignHoriz=method-wrapper(...), alignText='center', alignVert=method-wrapper(...), anchorHoriz='center', anchorVert='center', antialias=True, autoDraw=False, autoLog=True, bold=False, color=array([1., 1., 1.]), colorSpace='rgb', contrast=1.0, depth=0, draggable=False, flipHoriz=False, flipVert=False, font='', fontFiles=[], height=np.float64(0.04), italic=False, languageStyle='LTR', name='unnamed TextStim', opacity=1.0, ori=0.0, pos=array([-0.35, -0.15]), rgb=UNKNOWN, text="Cue: don't respond yet", units='height', win=Window(...), wrapWidth=0.15)
67.4011 	EXP 	Created unnamed TextStim = TextStim(__class__=<class 'psychopy.visual.text.TextStim'>, alignHoriz=method-wrapper(...), alignText='center', alignVert=method-wrapper(...), anchorHoriz='center', anchorVert='center', antialias=True, autoDraw=False, autoLog=True, bold=False, color=array([1., 1., 1.]), colorSpace='rgb', contrast=1.0, depth=0, draggable=False, flipHoriz=False, flipVert=False, font='', fontFiles=[], height=np.float64(0.04), italic=False, languageStyle='LTR', name='unnamed TextStim', opacity=1.0, ori=0.0, pos=array([-0.15, -0.15]), rgb=UNKNOWN, text='Pay attention', units='height', win=Window(...), wrapWidth=0.15)
67.4040 	EXP 	Created unnamed TextStim = TextStim(__class__=<class 'psychopy.visual.text.TextStim'>, alignHoriz=method-wrapper(...), alignText='center', alignVert=method-wrapper(...), anchorHoriz='center', anchorVert='center', antialias=True, autoDraw=False, autoLog=True, bold=False, color=array([1., 1., 1.]), colorSpace='rgb', contrast=1.0, depth=0, draggable=False, flipHoriz=False, flipVert=False, font='', fontFiles=[], height=np.float64(0.04), italic=False, languageStyle='LTR', name='unnamed TextStim', opacity=1.0, ori=0.0, pos=array([ 0.15, -0.15]), rgb=UNKNOWN, text='Respond when solid triangle is on screen', units='height', win=Window(...), wrapWidth=0.15)
67.4055 	EXP 	Created unnamed TextStim = TextStim(__class__=<class 'psychopy.visual.text.TextStim'>, alignHoriz=method-wrapper(...), alignText='center', alignVert=method-wrapper(...), anchorHoriz='center', anchorVert='center', antialias=True, autoDraw=False, autoLog=True, bold=False, color=array([1., 1., 1.]), colorSpace='rgb', contrast=1.0, depth=0, draggable=False, flipHoriz=False, flipVert=False, font='', fontFiles=[], height=np.float64(0.04), italic=False, languageStyle='LTR', name='unnamed TextStim', opacity=1.0, ori=0.0, pos=array([ 0.35, -0.15]), rgb=UNKNOWN, text='Pay attention', units='height', win=Window(...), wrapWidth=0.15)
67.4072 	EXP 	Created unnamed TextStim = TextStim(__class__=<class 'psychopy.visual.text.TextStim'>, alignHoriz=method-wrapper(...), alignText='center', alignVert=method-wrapper(...), anchorHoriz='center', anchorVert='center', antialias=True, autoDraw=False, autoLog=True, bold=False, color=array([1., 1., 1.]), colorSpace='rgb', contrast=1.0, depth=0, draggable=False, flipHoriz=False, flipVert=False, font='', fontFiles=[], height=np.float64(0.04), italic=False, languageStyle='LTR', name='unnamed TextStim', opacity=1.0, ori=0.0, pos=array([ 0.65, -0.15]), rgb=UNKNOWN, text='Feedback', units='height', win=Window(...), wrapWidth=0.15)
67.4178 	EXP 	unnamed TextStim: height = np.float64(0.04)
67.4178 	EXP 	unnamed TextStim: height = np.float64(0.04)
67.4178 	EXP 	unnamed TextStim: height = np.float64(0.04)
67.4178 	EXP 	unnamed TextStim: text = 'During each round, this is the order that you will see things happen:\n\n\n\n\n\n\n\n\n\n'
69.2161 	DATA 	Keypress: 1
69.2373 	EXP 	unnamed TextStim: height = np.float64(0.04)
69.2373 	EXP 	unnamed TextStim: height = np.float64(0.04)
69.2373 	EXP 	unnamed TextStim: height = np.float64(0.04)
69.2373 	EXP 	unnamed TextStim: text = 'Major points to remember:\n\n1. Do not press the button on the win circles, lose squares, or the crosses. Just respond to the SOLID WHITE TRIANGLES.\n\n2. Try to press the button EVERY time you see the solid white triangle.\n\n3. The SOLID WHITE TRIANGLE appears VERY BRIEFLY, so you will have to press the button QUICKLY when you see it.\n\n4. Things move fast in this game, so you will want to keep your finger on the button, ready to respond.'
72.5460 	DATA 	Keypress: 1
72.5563 	EXP 	unnamed TextStim: height = np.float64(0.04)
72.5563 	EXP 	unnamed TextStim: height = np.float64(0.04)
72.5563 	EXP 	unnamed TextStim: height = np.float64(0.04)
72.5563 	EXP 	unnamed TextStim: text = 'Any Questions?\n\nPlease ask them now.'
73.3112 	DATA 	Keypress: 1
73.7369 	DATA 	Keypress: 1
74.3791 	DATA 	Keypress: rshift
74.5933 	DATA 	Keypress: return
83.6518 	EXP 	unnamed Polygon: autoDraw = True
83.6518 	EXP 	unnamed Polygon: autoDraw = True
83.6604 	EXP 	unnamed Polygon: autoDraw = True
83.6644 	EXP 	unnamed Polygon: autoDraw = True
83.6774 	EXP 	unnamed Polygon: autoDraw = True
83.6822 	EXP 	unnamed Polygon: autoDraw = True
83.6938 	EXP 	unnamed Polygon: autoDraw = True
83.6992 	EXP 	unnamed Polygon: autoDraw = True
83.7105 	EXP 	unnamed Polygon: autoDraw = True
83.7157 	EXP 	unnamed Polygon: autoDraw = True
83.7271 	EXP 	unnamed Polygon: autoDraw = True
83.7323 	EXP 	unnamed Polygon: autoDraw = True
83.7437 	EXP 	unnamed Polygon: autoDraw = True
83.7492 	EXP 	unnamed Polygon: autoDraw = True
83.7606 	EXP 	unnamed Polygon: autoDraw = True
83.7658 	EXP 	unnamed Polygon: autoDraw = True
83.7773 	EXP 	unnamed Polygon: autoDraw = True
83.7827 	EXP 	unnamed Polygon: autoDraw = True
83.7937 	EXP 	unnamed Polygon: autoDraw = True
83.7990 	EXP 	unnamed Polygon: autoDraw = True
83.8104 	EXP 	unnamed Polygon: autoDraw = True
83.8157 	EXP 	unnamed Polygon: autoDraw = True
83.8271 	EXP 	unnamed Polygon: autoDraw = True
83.8324 	EXP 	unnamed Polygon: autoDraw = True
83.8438 	EXP 	unnamed Polygon: autoDraw = True
83.8489 	EXP 	unnamed Polygon: autoDraw = True
83.8606 	EXP 	unnamed Polygon: autoDraw = True
83.8653 	EXP 	unnamed Polygon: autoDraw = True
83.8771 	EXP 	unnamed Polygon: autoDraw = True
83.8819 	EXP 	unnamed Polygon: autoDraw = True
83.8938 	EXP 	unnamed Polygon: autoDraw = True
83.8991 	EXP 	unnamed Polygon: autoDraw = True
83.9108 	EXP 	unnamed Polygon: autoDraw = True
83.9147 	DATA 	Keypress: 1
83.9204 	EXP 	unnamed Polygon: autoDraw = True
83.9267 	EXP 	unnamed Polygon: autoDraw = True
83.9310 	EXP 	unnamed Polygon: autoDraw = True
83.9439 	EXP 	unnamed Polygon: autoDraw = True
83.9485 	EXP 	unnamed Polygon: autoDraw = True
83.9604 	EXP 	unnamed Polygon: autoDraw = True
83.9655 	EXP 	unnamed Polygon: autoDraw = True
83.9771 	EXP 	unnamed Polygon: autoDraw = True
83.9820 	EXP 	unnamed Polygon: autoDraw = True
83.9939 	EXP 	unnamed Polygon: autoDraw = True
83.9989 	EXP 	unnamed Polygon: autoDraw = True
84.0106 	EXP 	unnamed Polygon: autoDraw = True
84.0162 	EXP 	unnamed Polygon: autoDraw = True
84.0273 	EXP 	unnamed Polygon: autoDraw = True
84.0340 	EXP 	unnamed Polygon: autoDraw = True
84.0437 	EXP 	unnamed Polygon: autoDraw = True
84.0488 	EXP 	unnamed Polygon: autoDraw = True
84.0607 	EXP 	unnamed Polygon: autoDraw = True
84.0666 	EXP 	unnamed Polygon: autoDraw = True
84.0773 	EXP 	unnamed Polygon: autoDraw = True
84.0827 	EXP 	unnamed Polygon: autoDraw = True
84.0940 	EXP 	unnamed Polygon: autoDraw = True
84.0995 	EXP 	unnamed Polygon: autoDraw = True
84.1105 	EXP 	unnamed Polygon: autoDraw = True
84.1159 	EXP 	unnamed Polygon: autoDraw = True
84.1271 	EXP 	unnamed Polygon: autoDraw = True
84.1323 	EXP 	unnamed Polygon: autoDraw = True
84.1437 	EXP 	unnamed Polygon: autoDraw = True
84.1561 	EXP 	unnamed Polygon: autoDraw = False
85.8780 	EXP 	trial_feedback: height = np.float64(0.09)
85.8780 	EXP 	trial_feedback: height = np.float64(0.09)
85.8780 	EXP 	trial_feedback: height = np.float64(0.09)
85.8780 	EXP 	trial_feedback: text = 'Hit!\n£0.00'
85.8780 	EXP 	trial_feedback: autoDraw = True
87.8609 	EXP 	trial_feedback: autoDraw = False
87.8683 	EXP 	trial_feedback: autoDraw = False
87.8683 	EXP 	exp_feedback: autoDraw = False
98.1937 	EXP 	unnamed Polygon: autoDraw = True
98.1937 	EXP 	unnamed Polygon: autoDraw = True
98.1988 	EXP 	unnamed Polygon: autoDraw = True
98.2105 	EXP 	unnamed Polygon: autoDraw = True
98.2155 	EXP 	unnamed Polygon: autoDraw = True
98.2273 	EXP 	unnamed Polygon: autoDraw = True
98.2323 	EXP 	unnamed Polygon: autoDraw = True
98.2440 	EXP 	unnamed Polygon: autoDraw = True
98.2495 	EXP 	unnamed Polygon: autoDraw = True
98.2606 	EXP 	unnamed Polygon: autoDraw = True
98.2662 	EXP 	unnamed Polygon: autoDraw = True
98.2770 	EXP 	unnamed Polygon: autoDraw = True
98.2825 	EXP 	unnamed Polygon: autoDraw = True
98.2940 	EXP 	unnamed Polygon: autoDraw = True
98.2995 	EXP 	unnamed Polygon: autoDraw = True
98.3107 	EXP 	unnamed Polygon: autoDraw = True
98.3162 	EXP 	unnamed Polygon: autoDraw = True
98.3271 	EXP 	unnamed Polygon: autoDraw = True
98.3329 	EXP 	unnamed Polygon: autoDraw = True
98.3438 	EXP 	unnamed Polygon: autoDraw = True
98.3495 	EXP 	unnamed Polygon: autoDraw = True
98.3606 	EXP 	unnamed Polygon: autoDraw = True
98.3662 	EXP 	unnamed Polygon: autoDraw = True
98.3773 	EXP 	unnamed Polygon: autoDraw = True
98.3826 	EXP 	unnamed Polygon: autoDraw = True
98.3939 	EXP 	unnamed Polygon: autoDraw = True
98.3990 	EXP 	unnamed Polygon: autoDraw = True
98.4104 	EXP 	unnamed Polygon: autoDraw = True
98.4158 	EXP 	unnamed Polygon: autoDraw = True
98.4273 	EXP 	unnamed Polygon: autoDraw = True
98.4327 	EXP 	unnamed Polygon: autoDraw = True
98.4439 	EXP 	unnamed Polygon: autoDraw = True
98.4494 	EXP 	unnamed Polygon: autoDraw = True
98.4607 	EXP 	unnamed Polygon: autoDraw = True
98.4662 	EXP 	unnamed Polygon: autoDraw = True
98.4773 	EXP 	unnamed Polygon: autoDraw = True
98.4829 	EXP 	unnamed Polygon: autoDraw = True
98.4938 	EXP 	unnamed Polygon: autoDraw = True
98.5000 	EXP 	unnamed Polygon: autoDraw = True
98.5106 	EXP 	unnamed Polygon: autoDraw = True
98.5162 	EXP 	unnamed Polygon: autoDraw = True
98.5273 	EXP 	unnamed Polygon: autoDraw = True
98.5329 	EXP 	unnamed Polygon: autoDraw = True
98.5368 	DATA 	Keypress: 1
98.5434 	EXP 	unnamed Polygon: autoDraw = True
98.5477 	EXP 	unnamed Polygon: autoDraw = True
98.5606 	EXP 	unnamed Polygon: autoDraw = True
98.5653 	EXP 	unnamed Polygon: autoDraw = True
98.5771 	EXP 	unnamed Polygon: autoDraw = True
98.5820 	EXP 	unnamed Polygon: autoDraw = True
98.5938 	EXP 	unnamed Polygon: autoDraw = True
98.5992 	EXP 	unnamed Polygon: autoDraw = True
98.6107 	EXP 	unnamed Polygon: autoDraw = True
98.6173 	EXP 	unnamed Polygon: autoDraw = True
98.6268 	EXP 	unnamed Polygon: autoDraw = True
98.6318 	EXP 	unnamed Polygon: autoDraw = True
98.6437 	EXP 	unnamed Polygon: autoDraw = True
98.6487 	EXP 	unnamed Polygon: autoDraw = True
98.6604 	EXP 	unnamed Polygon: autoDraw = True
98.6654 	EXP 	unnamed Polygon: autoDraw = True
98.6773 	EXP 	unnamed Polygon: autoDraw = True
98.6823 	EXP 	unnamed Polygon: autoDraw = True
98.6938 	EXP 	unnamed Polygon: autoDraw = True
98.7047 	EXP 	unnamed Polygon: autoDraw = False
100.0654 	EXP 	trial_feedback: text = 'Hit!\n£0.00'
100.0654 	EXP 	trial_feedback: autoDraw = True
102.0607 	EXP 	trial_feedback: autoDraw = False
102.0671 	EXP 	trial_feedback: autoDraw = False
102.0671 	EXP 	exp_feedback: autoDraw = False
112.3104 	EXP 	unnamed Polygon: autoDraw = True
112.3104 	EXP 	unnamed Polygon: autoDraw = True
112.3156 	EXP 	unnamed Polygon: autoDraw = True
112.3272 	EXP 	unnamed Polygon: autoDraw = True
112.3323 	EXP 	unnamed Polygon: autoDraw = True
112.3438 	EXP 	unnamed Polygon: autoDraw = True
112.3494 	EXP 	unnamed Polygon: autoDraw = True
112.3604 	EXP 	unnamed Polygon: autoDraw = True
112.3659 	EXP 	unnamed Polygon: autoDraw = True
112.3771 	EXP 	unnamed Polygon: autoDraw = True
112.3824 	EXP 	unnamed Polygon: autoDraw = True
112.3937 	EXP 	unnamed Polygon: autoDraw = True
112.3994 	EXP 	unnamed Polygon: autoDraw = True
112.4104 	EXP 	unnamed Polygon: autoDraw = True
112.4158 	EXP 	unnamed Polygon: autoDraw = True
112.4273 	EXP 	unnamed Polygon: autoDraw = True
112.4328 	EXP 	unnamed Polygon: autoDraw = True
112.4437 	EXP 	unnamed Polygon: autoDraw = True
112.4488 	EXP 	unnamed Polygon: autoDraw = True
112.4606 	EXP 	unnamed Polygon: autoDraw = True
112.4657 	EXP 	unnamed Polygon: autoDraw = True
112.4777 	EXP 	unnamed Polygon: autoDraw = True
112.4941 	EXP 	unnamed Polygon: autoDraw = True
112.4994 	EXP 	unnamed Polygon: autoDraw = True
112.5110 	EXP 	unnamed Polygon: autoDraw = True
112.5158 	EXP 	unnamed Polygon: autoDraw = True
112.5272 	EXP 	unnamed Polygon: autoDraw = True
112.5307 	DATA 	Keypress: 1
112.5353 	EXP 	unnamed Polygon: autoDraw = True
112.5436 	EXP 	unnamed Polygon: autoDraw = True
112.5477 	EXP 	unnamed Polygon: autoDraw = True
112.5607 	EXP 	unnamed Polygon: autoDraw = True
112.5655 	EXP 	unnamed Polygon: autoDraw = True
112.5774 	EXP 	unnamed Polygon: autoDraw = True
112.5825 	EXP 	unnamed Polygon: autoDraw = True
112.5938 	EXP 	unnamed Polygon: autoDraw = True
112.5992 	EXP 	unnamed Polygon: autoDraw = True
112.6104 	EXP 	unnamed Polygon: autoDraw = True
112.6154 	EXP 	unnamed Polygon: autoDraw = True
112.6272 	EXP 	unnamed Polygon: autoDraw = True
112.6339 	EXP 	unnamed Polygon: autoDraw = True
112.6438 	EXP 	unnamed Polygon: autoDraw = True
112.6493 	EXP 	unnamed Polygon: autoDraw = True
112.6607 	EXP 	unnamed Polygon: autoDraw = True
112.6661 	EXP 	unnamed Polygon: autoDraw = True
112.6773 	EXP 	unnamed Polygon: autoDraw = True
112.6827 	EXP 	unnamed Polygon: autoDraw = True
112.6937 	EXP 	unnamed Polygon: autoDraw = True
112.6990 	EXP 	unnamed Polygon: autoDraw = True
112.7106 	EXP 	unnamed Polygon: autoDraw = True
112.7165 	EXP 	unnamed Polygon: autoDraw = True
112.7272 	EXP 	unnamed Polygon: autoDraw = True
112.7320 	EXP 	unnamed Polygon: autoDraw = True
112.7437 	EXP 	unnamed Polygon: autoDraw = True
112.7490 	EXP 	unnamed Polygon: autoDraw = True
112.7604 	EXP 	unnamed Polygon: autoDraw = True
112.7659 	EXP 	unnamed Polygon: autoDraw = True
112.7771 	EXP 	unnamed Polygon: autoDraw = True
112.7826 	EXP 	unnamed Polygon: autoDraw = True
112.7937 	EXP 	unnamed Polygon: autoDraw = True
112.7989 	EXP 	unnamed Polygon: autoDraw = True
112.8106 	EXP 	unnamed Polygon: autoDraw = True
112.8215 	EXP 	unnamed Polygon: autoDraw = False
114.3828 	EXP 	trial_feedback: text = 'Hit!\n£0.00'
114.3828 	EXP 	trial_feedback: autoDraw = True
116.3775 	EXP 	trial_feedback: autoDraw = False
116.3853 	EXP 	trial_feedback: autoDraw = False
116.3853 	EXP 	exp_feedback: autoDraw = False
122.8829 	EXP 	unnamed Polygon: autoDraw = True
122.8829 	EXP 	unnamed Polygon: autoDraw = True
122.8940 	EXP 	unnamed Polygon: autoDraw = True
122.8991 	EXP 	unnamed Polygon: autoDraw = True
122.9106 	EXP 	unnamed Polygon: autoDraw = True
122.9156 	EXP 	unnamed Polygon: autoDraw = True
122.9273 	EXP 	unnamed Polygon: autoDraw = True
122.9328 	EXP 	unnamed Polygon: autoDraw = True
122.9440 	EXP 	unnamed Polygon: autoDraw = True
122.9495 	EXP 	unnamed Polygon: autoDraw = True
122.9606 	EXP 	unnamed Polygon: autoDraw = True
122.9661 	EXP 	unnamed Polygon: autoDraw = True
122.9772 	EXP 	unnamed Polygon: autoDraw = True
122.9827 	EXP 	unnamed Polygon: autoDraw = True
122.9938 	EXP 	unnamed Polygon: autoDraw = True
122.9991 	EXP 	unnamed Polygon: autoDraw = True
123.0104 	EXP 	unnamed Polygon: autoDraw = True
123.0159 	EXP 	unnamed Polygon: autoDraw = True
123.0273 	EXP 	unnamed Polygon: autoDraw = True
123.0328 	EXP 	unnamed Polygon: autoDraw = True
123.0438 	EXP 	unnamed Polygon: autoDraw = True
123.0491 	EXP 	unnamed Polygon: autoDraw = True
123.0607 	EXP 	unnamed Polygon: autoDraw = True
123.0664 	EXP 	unnamed Polygon: autoDraw = True
123.0771 	EXP 	unnamed Polygon: autoDraw = True
123.0825 	EXP 	unnamed Polygon: autoDraw = True
123.0937 	EXP 	unnamed Polygon: autoDraw = True
123.0990 	EXP 	unnamed Polygon: autoDraw = True
123.1106 	EXP 	unnamed Polygon: autoDraw = True
123.1162 	EXP 	unnamed Polygon: autoDraw = True
123.1273 	EXP 	unnamed Polygon: autoDraw = True
123.1328 	EXP 	unnamed Polygon: autoDraw = True
123.1439 	EXP 	unnamed Polygon: autoDraw = True
123.1497 	EXP 	unnamed Polygon: autoDraw = True
123.1524 	DATA 	Keypress: 1
123.1604 	EXP 	unnamed Polygon: autoDraw = True
123.1642 	EXP 	unnamed Polygon: autoDraw = True
123.1772 	EXP 	unnamed Polygon: autoDraw = True
123.1817 	EXP 	unnamed Polygon: autoDraw = True
123.1940 	EXP 	unnamed Polygon: autoDraw = True
123.1989 	EXP 	unnamed Polygon: autoDraw = True
123.2104 	EXP 	unnamed Polygon: autoDraw = True
123.2159 	EXP 	unnamed Polygon: autoDraw = True
123.2272 	EXP 	unnamed Polygon: autoDraw = True
123.2338 	EXP 	unnamed Polygon: autoDraw = True
123.2437 	EXP 	unnamed Polygon: autoDraw = True
123.2487 	EXP 	unnamed Polygon: autoDraw = True
123.2607 	EXP 	unnamed Polygon: autoDraw = True
123.2657 	EXP 	unnamed Polygon: autoDraw = True
123.2771 	EXP 	unnamed Polygon: autoDraw = True
123.2820 	EXP 	unnamed Polygon: autoDraw = True
123.2937 	EXP 	unnamed Polygon: autoDraw = True
123.2986 	EXP 	unnamed Polygon: autoDraw = True
123.3106 	EXP 	unnamed Polygon: autoDraw = True
123.3156 	EXP 	unnamed Polygon: autoDraw = True
123.3274 	EXP 	unnamed Polygon: autoDraw = True
123.3328 	EXP 	unnamed Polygon: autoDraw = True
123.3440 	EXP 	unnamed Polygon: autoDraw = True
123.3494 	EXP 	unnamed Polygon: autoDraw = True
123.3606 	EXP 	unnamed Polygon: autoDraw = True
123.3661 	EXP 	unnamed Polygon: autoDraw = True
123.3771 	EXP 	unnamed Polygon: autoDraw = True
123.3883 	EXP 	unnamed Polygon: autoDraw = False
124.6606 	EXP 	trial_feedback: height = np.float64(0.09)
124.6606 	EXP 	trial_feedback: height = np.float64(0.09)
124.6606 	EXP 	trial_feedback: height = np.float64(0.09)
124.6606 	EXP 	trial_feedback: text = 'Hit!\n+£2.00'
124.6606 	EXP 	trial_feedback: autoDraw = True
126.6440 	EXP 	trial_feedback: autoDraw = False
126.6511 	EXP 	trial_feedback: autoDraw = False
126.6511 	EXP 	exp_feedback: autoDraw = False
136.7999 	EXP 	unnamed Polygon: autoDraw = True
136.7999 	EXP 	unnamed Polygon: autoDraw = True
136.8104 	EXP 	unnamed Polygon: autoDraw = True
136.8156 	EXP 	unnamed Polygon: autoDraw = True
136.8273 	EXP 	unnamed Polygon: autoDraw = True
136.8324 	EXP 	unnamed Polygon: autoDraw = True
136.8440 	EXP 	unnamed Polygon: autoDraw = True
136.8494 	EXP 	unnamed Polygon: autoDraw = True
136.8606 	EXP 	unnamed Polygon: autoDraw = True
136.8657 	EXP 	unnamed Polygon: autoDraw = True
136.8771 	EXP 	unnamed Polygon: autoDraw = True
136.8821 	EXP 	unnamed Polygon: autoDraw = True
136.8938 	EXP 	unnamed Polygon: autoDraw = True
136.8988 	EXP 	unnamed Polygon: autoDraw = True
136.9107 	EXP 	unnamed Polygon: autoDraw = True
136.9156 	EXP 	unnamed Polygon: autoDraw = True
136.9271 	EXP 	unnamed Polygon: autoDraw = True
136.9323 	EXP 	unnamed Polygon: autoDraw = True
136.9440 	EXP 	unnamed Polygon: autoDraw = True
136.9495 	EXP 	unnamed Polygon: autoDraw = True
136.9606 	EXP 	unnamed Polygon: autoDraw = True
136.9659 	EXP 	unnamed Polygon: autoDraw = True
136.9773 	EXP 	unnamed Polygon: autoDraw = True
136.9828 	EXP 	unnamed Polygon: autoDraw = True
136.9938 	EXP 	unnamed Polygon: autoDraw = True
136.9991 	EXP 	unnamed Polygon: autoDraw = True
137.0105 	EXP 	unnamed Polygon: autoDraw = True
137.0159 	EXP 	unnamed Polygon: autoDraw = True
137.0271 	EXP 	unnamed Polygon: autoDraw = True
137.0324 	EXP 	unnamed Polygon: autoDraw = True
137.0439 	EXP 	unnamed Polygon: autoDraw = True
137.0494 	EXP 	unnamed Polygon: autoDraw = True
137.0606 	EXP 	unnamed Polygon: autoDraw = True
137.0641 	DATA 	Keypress: 1
137.0695 	EXP 	unnamed Polygon: autoDraw = True
137.0771 	EXP 	unnamed Polygon: autoDraw = True
137.0814 	EXP 	unnamed Polygon: autoDraw = True
137.0939 	EXP 	unnamed Polygon: autoDraw = True
137.0985 	EXP 	unnamed Polygon: autoDraw = True
137.1106 	EXP 	unnamed Polygon: autoDraw = True
137.1156 	EXP 	unnamed Polygon: autoDraw = True
137.1273 	EXP 	unnamed Polygon: autoDraw = True
137.1324 	EXP 	unnamed Polygon: autoDraw = True
137.1439 	EXP 	unnamed Polygon: autoDraw = True
137.1507 	EXP 	unnamed Polygon: autoDraw = True
137.1606 	EXP 	unnamed Polygon: autoDraw = True
137.1656 	EXP 	unnamed Polygon: autoDraw = True
137.1773 	EXP 	unnamed Polygon: autoDraw = True
137.1822 	EXP 	unnamed Polygon: autoDraw = True
137.1939 	EXP 	unnamed Polygon: autoDraw = True
137.1988 	EXP 	unnamed Polygon: autoDraw = True
137.2105 	EXP 	unnamed Polygon: autoDraw = True
137.2154 	EXP 	unnamed Polygon: autoDraw = True
137.2272 	EXP 	unnamed Polygon: autoDraw = True
137.2326 	EXP 	unnamed Polygon: autoDraw = True
137.2440 	EXP 	unnamed Polygon: autoDraw = True
137.2497 	EXP 	unnamed Polygon: autoDraw = True
137.2606 	EXP 	unnamed Polygon: autoDraw = True
137.2661 	EXP 	unnamed Polygon: autoDraw = True
137.2773 	EXP 	unnamed Polygon: autoDraw = True
137.2829 	EXP 	unnamed Polygon: autoDraw = True
137.2939 	EXP 	unnamed Polygon: autoDraw = True
137.2993 	EXP 	unnamed Polygon: autoDraw = True
137.3102 	EXP 	unnamed Polygon: autoDraw = False
138.9212 	EXP 	trial_feedback: height = np.float64(0.09)
138.9212 	EXP 	trial_feedback: height = np.float64(0.09)
138.9212 	EXP 	trial_feedback: height = np.float64(0.09)
138.9212 	EXP 	trial_feedback: text = 'Hit!\n£0.00'
138.9212 	EXP 	trial_feedback: autoDraw = True
140.9109 	EXP 	trial_feedback: autoDraw = False
140.9184 	EXP 	trial_feedback: autoDraw = False
140.9184 	EXP 	exp_feedback: autoDraw = False
147.3192 	DATA 	Keypress: 1
150.9666 	EXP 	unnamed Polygon: autoDraw = True
150.9666 	EXP 	unnamed Polygon: autoDraw = True
150.9771 	EXP 	unnamed Polygon: autoDraw = True
150.9823 	EXP 	unnamed Polygon: autoDraw = True
150.9937 	EXP 	unnamed Polygon: autoDraw = True
150.9988 	EXP 	unnamed Polygon: autoDraw = True
151.0105 	EXP 	unnamed Polygon: autoDraw = True
151.0157 	EXP 	unnamed Polygon: autoDraw = True
151.0273 	EXP 	unnamed Polygon: autoDraw = True
151.0323 	EXP 	unnamed Polygon: autoDraw = True
151.0440 	EXP 	unnamed Polygon: autoDraw = True
151.0490 	EXP 	unnamed Polygon: autoDraw = True
151.0606 	EXP 	unnamed Polygon: autoDraw = True
151.0657 	EXP 	unnamed Polygon: autoDraw = True
151.0771 	EXP 	unnamed Polygon: autoDraw = True
151.0824 	EXP 	unnamed Polygon: autoDraw = True
151.0940 	EXP 	unnamed Polygon: autoDraw = True
151.0999 	EXP 	unnamed Polygon: autoDraw = True
151.1107 	EXP 	unnamed Polygon: autoDraw = True
151.1163 	EXP 	unnamed Polygon: autoDraw = True
151.1274 	EXP 	unnamed Polygon: autoDraw = True
151.1328 	EXP 	unnamed Polygon: autoDraw = True
151.1440 	EXP 	unnamed Polygon: autoDraw = True
151.1492 	EXP 	unnamed Polygon: autoDraw = True
151.1607 	EXP 	unnamed Polygon: autoDraw = True
151.1665 	EXP 	unnamed Polygon: autoDraw = True
151.1775 	EXP 	unnamed Polygon: autoDraw = True
151.1835 	EXP 	unnamed Polygon: autoDraw = True
151.1941 	EXP 	unnamed Polygon: autoDraw = True
151.1995 	EXP 	unnamed Polygon: autoDraw = True
151.2109 	EXP 	unnamed Polygon: autoDraw = True
151.2161 	EXP 	unnamed Polygon: autoDraw = True
151.2276 	EXP 	unnamed Polygon: autoDraw = True
151.2329 	EXP 	unnamed Polygon: autoDraw = True
151.2441 	EXP 	unnamed Polygon: autoDraw = True
151.2496 	EXP 	unnamed Polygon: autoDraw = True
151.2535 	DATA 	Keypress: 1
151.2601 	EXP 	unnamed Polygon: autoDraw = True
151.2641 	EXP 	unnamed Polygon: autoDraw = True
151.2775 	EXP 	unnamed Polygon: autoDraw = True
151.2821 	EXP 	unnamed Polygon: autoDraw = True
151.2938 	EXP 	unnamed Polygon: autoDraw = True
151.2987 	EXP 	unnamed Polygon: autoDraw = True
151.3105 	EXP 	unnamed Polygon: autoDraw = True
151.3153 	EXP 	unnamed Polygon: autoDraw = True
151.3272 	EXP 	unnamed Polygon: autoDraw = True
151.3321 	EXP 	unnamed Polygon: autoDraw = True
151.3440 	EXP 	unnamed Polygon: autoDraw = True
151.3493 	EXP 	unnamed Polygon: autoDraw = True
151.3606 	EXP 	unnamed Polygon: autoDraw = True
151.3661 	EXP 	unnamed Polygon: autoDraw = True
151.3770 	EXP 	unnamed Polygon: autoDraw = True
151.3820 	EXP 	unnamed Polygon: autoDraw = True
151.3938 	EXP 	unnamed Polygon: autoDraw = True
151.3992 	EXP 	unnamed Polygon: autoDraw = True
151.4107 	EXP 	unnamed Polygon: autoDraw = True
151.4159 	EXP 	unnamed Polygon: autoDraw = True
151.4273 	EXP 	unnamed Polygon: autoDraw = True
151.4328 	EXP 	unnamed Polygon: autoDraw = True
151.4438 	EXP 	unnamed Polygon: autoDraw = True
151.4492 	EXP 	unnamed Polygon: autoDraw = True
151.4607 	EXP 	unnamed Polygon: autoDraw = True
151.4718 	EXP 	unnamed Polygon: autoDraw = False
153.1608 	EXP 	trial_feedback: height = np.float64(0.09)
153.1608 	EXP 	trial_feedback: height = np.float64(0.09)
153.1608 	EXP 	trial_feedback: height = np.float64(0.09)
153.1608 	EXP 	trial_feedback: text = 'Hit!\n+£0.50'
153.1608 	EXP 	trial_feedback: autoDraw = True
155.1483 	EXP 	trial_feedback: autoDraw = False
155.1674 	EXP 	trial_feedback: autoDraw = False
155.1674 	EXP 	exp_feedback: autoDraw = False
158.9689 	DATA 	Keypress: 1
159.6420 	DATA 	Keypress: 1
160.9253 	DATA 	Keypress: return
161.6892 	DATA 	Keypress: return
161.6893 	WARNING 	Total earnings: 0
121.0222 	WARNING 	Monitor specification not found. Creating a temporary one...
121.0464 	WARNING 	User requested fullscreen with size [1920 1080], but screen is actually [2240, 1260]. Using actual size
122.5175 	WARNING 	Couldn't measure a consistent frame rate!
  - Is your graphics card set to sync to vertical blank?
  - Are you running other processes on your computer?

122.5180 	EXP 	Created window1 = Window(allowGUI=True, allowStencil=False, autoLog=True, backendConf=UNKNOWN, backgroundFit=<method-wrapper '__getattribute__' of attributeSetter object at 0x14d626980>, backgroundImage=<method-wrapper '__getattribute__' of attributeSetter object at 0x14d6269e0>, bitsMode=UNKNOWN, blendMode='avg', bpc=(8, 8, 8), color=array([-1, -1, -1]), colorSpace='rgb', depthBits=8, fullscr=True, gamma=None, gammaErrorPolicy='raise', infoMsg=UNKNOWN, lms=UNKNOWN, monitor=<psychopy.monitors.calibTools.Monitor object at 0x14d2908b0>, multiSample=False, name='window1', numSamples=2, pos=[np.float64(0.0), np.float64(0.0)], screen=0, size=array([4480, 2520]), stencilBits=0, stereo=False, title='PsychoPy', units='height', useFBO=False, useRetina=True, viewOri=0.0, viewPos=None, viewScale=None, waitBlanking=True, winType='pyglet')
122.5180 	EXP 	window1: backgroundImage = None
122.5181 	EXP 	window1: backgroundFit = 'cover'
122.5214 	EXP 	window1: Attempting to measure frame rate of screen (0) ...
122.5215 	EXP 	window1: recordFrameIntervals = False
122.6114 	EXP 	window1: recordFrameIntervals = True
123.4448 	WARNING 	Couldn't measure a consistent frame rate!
  - Is your graphics card set to sync to vertical blank?
  - Are you running other processes on your computer?

123.4898 	EXP 	Created unnamed TextStim = TextStim(__class__=<class 'psychopy.visual.text.TextStim'>, alignHoriz=method-wrapper(...), alignText='center', alignVert=method-wrapper(...), anchorHoriz='center', anchorVert='center', antialias=True, autoDraw=False, autoLog=True, bold=False, color=array([1., 1., 1.]), colorSpace='rgb', contrast=1.0, depth=0, draggable=False, flipHoriz=False, flipVert=False, font='', fontFiles=[], height=np.float64(0.04), italic=False, languageStyle='LTR', name='unnamed TextStim', opacity=1.0, ori=0.0, pos=array([ 0.        , -0.33333333]), rgb=UNKNOWN, text='Press the button to continue.', units='height', win=Window(...), wrapWidth=1)
123.4934 	EXP 	Created unnamed TextStim = TextStim(__class__=<class 'psychopy.visual.text.TextStim'>, alignHoriz=method-wrapper(...), alignText='center', alignVert=method-wrapper(...), anchorHoriz='center', anchorVert='center', antialias=True, autoDraw=False, autoLog=True, bold=False, color=array([1., 1., 1.]), colorSpace='rgb', contrast=1.0, depth=0, draggable=False, flipHoriz=False, flipVert=False, font='', fontFiles=[], height=np.float64(0.08), italic=False, languageStyle='LTR', name='unnamed TextStim', opacity=1.0, ori=0.0, pos=array([0., 0.]), rgb=UNKNOWN, text='+', units='height', win=Window(...), wrapWidth=1)
123.5003 	EXP 	Created unnamed TextStim = TextStim(__class__=<class 'psychopy.visual.text.TextStim'>, alignHoriz=method-wrapper(...), alignText='center', alignVert=method-wrapper(...), anchorHoriz='center', anchorVert='center', antialias=True, autoDraw=False, autoLog=True, bold=False, color=array([1., 1., 1.]), colorSpace='rgb', contrast=1.0, depth=0, draggable=False, flipHoriz=False, flipVert=False, font='', fontFiles=[], height=np.float64(0.04), italic=False, languageStyle='LTR', name='unnamed TextStim', opacity=1.0, ori=0.0, pos=array([0., 0.]), rgb=UNKNOWN, text=str(...), units='height', win=Window(...), wrapWidth=1.1851851851851851)
123.5076 	EXP 	Created unnamed TextStim = TextStim(__class__=<class 'psychopy.visual.text.TextStim'>, alignHoriz=method-wrapper(...), alignText='center', alignVert=method-wrapper(...), anchorHoriz='center', anchorVert='center', antialias=True, autoDraw=False, autoLog=True, bold=False, color=array([1., 1., 1.]), colorSpace='rgb', contrast=1.0, depth=0, draggable=False, flipHoriz=False, flipVert=False, font='Arial', fontFiles=[], height=np.float64(0.04), italic=False, languageStyle='LTR', name='unnamed TextStim', opacity=1.0, ori=0.0, pos=array([0. , 0.1]), rgb=UNKNOWN, text='Hello World', units='height', win=Window(...), wrapWidth=1.1851851851851851)
123.5123 	EXP 	Created unnamed TextStim = TextStim(__class__=<class 'psychopy.visual.text.TextStim'>, alignHoriz=method-wrapper(...), alignText='center', alignVert=method-wrapper(...), anchorHoriz='center', anchorVert='center', antialias=True, autoDraw=False, autoLog=True, bold=False, color=array([1., 1., 1.]), colorSpace='rgb', contrast=1.0, depth=0, draggable=False, flipHoriz=False, flipVert=False, font='', fontFiles=[], height=np.float64(0.04), italic=False, languageStyle='LTR', name='unnamed TextStim', opacity=1.0, ori=0.0, pos=array([0., 0.]), rgb=UNKNOWN, text='Get Ready!', units='height', win=Window(...), wrapWidth=1.1851851851851851)
123.5178 	EXP 	Created unnamed TextStim = TextStim(__class__=<class 'psychopy.visual.text.TextStim'>, alignHoriz=method-wrapper(...), alignText='center', alignVert=method-wrapper(...), anchorHoriz='center', anchorVert='center', antialias=True, autoDraw=False, autoLog=True, bold=False, color=array([1., 1., 1.]), colorSpace='rgb', contrast=1.0, depth=0, draggable=False, flipHoriz=False, flipVert=False, font='', fontFiles=[], height=np.float64(0.04), italic=False, languageStyle='LTR', name='unnamed TextStim', opacity=1.0, ori=0.0, pos=array([0., 0.]), rgb=UNKNOWN, text='The task will begin momentarily. Get ready...', units='height', win=Window(...), wrapWidth=1)
123.5219 	EXP 	Created unnamed TextStim = TextStim(__class__=<class 'psychopy.visual.text.TextStim'>, alignHoriz=method-wrapper(...), alignText='center', alignVert=method-wrapper(...), anchorHoriz='center', anchorVert='center', antialias=True, autoDraw=False, autoLog=True, bold=False, color=array([1., 1., 1.]), colorSpace='rgb', contrast=1.0, depth=0, draggable=False, flipHoriz=False, flipVert=False, font='', fontFiles=[], height=np.float64(0.04), italic=False, languageStyle='LTR', name='unnamed TextStim', opacity=1.0, ori=0.0, pos=array([0., 0.]), rgb=UNKNOWN, text=str(...), units='height', win=Window(...), wrapWidth=1.1851851851851851)
123.5384 	EXP 	Created unnamed ImageStim = ImageStim(__class__=<class 'psychopy.visual.image.ImageStim'>, anchor=('center', 'center'), autoLog=True, color=array([1., 1., 1.]), colorSpace='rgb', contrast=1.0, depth=0, draggable=False, flipHoriz=np.False_, flipVert=np.False_, image='../stimuli/reward_neut_0_british.png', interpolate=False, mask=None, maskParams=None, name='unnamed ImageStim', opacity=1, ori=0.0, pos=array([0., 0.]), size=array([0.3, 0.3]), texRes=128, units='height', win=Window(...))
123.5454 	EXP 	Created unnamed ImageStim = ImageStim(__class__=<class 'psychopy.visual.image.ImageStim'>, anchor=('center', 'center'), autoLog=True, color=array([1., 1., 1.]), colorSpace='rgb', contrast=1.0, depth=0, draggable=False, flipHoriz=np.False_, flipVert=np.False_, image='../stimuli/reward_low_050_british.png', interpolate=False, mask=None, maskParams=None, name='unnamed ImageStim', opacity=1, ori=0.0, pos=array([0., 0.]), size=array([0.3, 0.3]), texRes=128, units='height', win=Window(...))
123.5512 	EXP 	Created unnamed ImageStim = ImageStim(__class__=<class 'psychopy.visual.image.ImageStim'>, anchor=('center', 'center'), autoLog=True, color=array([1., 1., 1.]), colorSpace='rgb', contrast=1.0, depth=0, draggable=False, flipHoriz=np.False_, flipVert=np.False_, image='../stimuli/reward_high_200_british.png', interpolate=False, mask=None, maskParams=None, name='unnamed ImageStim', opacity=1, ori=0.0, pos=array([0., 0.]), size=array([0.3, 0.3]), texRes=128, units='height', win=Window(...))
123.5573 	EXP 	Created unnamed ImageStim = ImageStim(__class__=<class 'psychopy.visual.image.ImageStim'>, anchor=('center', 'center'), autoLog=True, color=array([1., 1., 1.]), colorSpace='rgb', contrast=1.0, depth=0, draggable=False, flipHoriz=np.False_, flipVert=np.False_, image='../stimuli/loss_neut_0_british.png', interpolate=False, mask=None, maskParams=None, name='unnamed ImageStim', opacity=1, ori=0.0, pos=array([0., 0.]), size=array([0.3, 0.3]), texRes=128, units='height', win=Window(...))
123.5633 	EXP 	Created unnamed ImageStim = ImageStim(__class__=<class 'psychopy.visual.image.ImageStim'>, anchor=('center', 'center'), autoLog=True, color=array([1., 1., 1.]), colorSpace='rgb', contrast=1.0, depth=0, draggable=False, flipHoriz=np.False_, flipVert=np.False_, image='../stimuli/loss_low_050_british.png', interpolate=False, mask=None, maskParams=None, name='unnamed ImageStim', opacity=1, ori=0.0, pos=array([0., 0.]), size=array([0.3, 0.3]), texRes=128, units='height', win=Window(...))
123.5694 	EXP 	Created unnamed ImageStim = ImageStim(__class__=<class 'psychopy.visual.image.ImageStim'>, anchor=('center', 'center'), autoLog=True, color=array([1., 1., 1.]), colorSpace='rgb', contrast=1.0, depth=0, draggable=False, flipHoriz=np.False_, flipVert=np.False_, image='../stimuli/loss_high_200_british.png', interpolate=False, mask=None, maskParams=None, name='unnamed ImageStim', opacity=1, ori=0.0, pos=array([0., 0.]), size=array([0.3, 0.3]), texRes=128, units='height', win=Window(...))
123.6141 	EXP 	Created unnamed Polygon = Polygon(__class__=<class 'psychopy.visual.polygon.Polygon'>, anchor=('center', 'center'), autoDraw=False, autoLog=True, closeShape=True, color=method-wrapper(...), colorSpace='rgb', contrast=None, depth=0, draggable=False, fillColor=array([1, 1, 1]), fillColorSpace='rgb', fillRGB=array([1, 1, 1]), interpolate=True, lineColor=array([1., 1., 1.]), lineColorSpace='rgb', lineRGB=array([1, 1, 1]), lineWidth=1.5, name='unnamed Polygon', opacity=1, ori=0.0, pos=array([0., 0.]), size=array([1., 1.]), units='height', vertices=ndarray(...), win=Window(...), windingRule=None)
123.6174 	EXP 	Created trial_feedback = TextStim(__class__=<class 'psychopy.visual.text.TextStim'>, alignHoriz=method-wrapper(...), alignText='center', alignVert=method-wrapper(...), anchorHoriz='center', anchorVert='center', antialias=True, autoDraw=False, autoLog=True, bold=False, color=array([1., 1., 1.]), colorSpace='rgb', contrast=1.0, depth=0, draggable=False, flipHoriz=False, flipVert=False, font='Arial', fontFiles=[], height=np.float64(0.09), italic=False, languageStyle='LTR', name='trial_feedback', opacity=1, ori=0, pos=array([0., 0.]), rgb=UNKNOWN, text='Trial:', units='height', win=Window(...), wrapWidth=1)
123.6203 	EXP 	Created exp_feedback = TextStim(__class__=<class 'psychopy.visual.text.TextStim'>, alignHoriz=method-wrapper(...), alignText='center', alignVert=method-wrapper(...), anchorHoriz='center', anchorVert='center', antialias=True, autoDraw=False, autoLog=True, bold=False, color=array([1., 1., 1.]), colorSpace='rgb', contrast=1.0, depth=0, draggable=False, flipHoriz=False, flipVert=False, font='Arial', fontFiles=[], height=np.float64(0.09), italic=False, languageStyle='LTR', name='exp_feedback', opacity=1, ori=0, pos=array([ 0.    , -0.0625]), rgb=UNKNOWN, text='Total:', units='height', win=Window(...), wrapWidth=1)
123.6249 	EXP 	Created unnamed TextStim = TextStim(__class__=<class 'psychopy.visual.text.TextStim'>, alignHoriz=method-wrapper(...), alignText='center', alignVert=method-wrapper(...), anchorHoriz='center', anchorVert='center', antialias=True, autoDraw=False, autoLog=True, bold=False, color=array([1., 1., 1.]), colorSpace='rgb', contrast=1.0, depth=0, draggable=False, flipHoriz=False, flipVert=False, font='', fontFiles=[], height=np.float64(0.04), italic=False, languageStyle='LTR', name='unnamed TextStim', opacity=1.0, ori=0.0, pos=array([0., 0.]), rgb=UNKNOWN, text=str(...), units='height', win=Window(...), wrapWidth=1)
123.6265 	EXP 	Created unnamed TextStim = TextStim(__class__=<class 'psychopy.visual.text.TextStim'>, alignHoriz=method-wrapper(...), alignText='center', alignVert=method-wrapper(...), anchorHoriz='center', anchorVert='center', antialias=True, autoDraw=False, autoLog=True, bold=False, color=array([1., 1., 1.]), colorSpace='rgb', contrast=1.0, depth=0, draggable=False, flipHoriz=False, flipVert=False, font='', fontFiles=[], height=np.float64(0.04), italic=False, languageStyle='LTR', name='unnamed TextStim', opacity=1.0, ori=0.0, pos=array([0., 0.]), rgb=UNKNOWN, text='Get ready', units='height', win=Window(...), wrapWidth=1)
123.6287 	EXP 	Created unnamed TextStim = TextStim(__class__=<class 'psychopy.visual.text.TextStim'>, alignHoriz=method-wrapper(...), alignText='center', alignVert=method-wrapper(...), anchorHoriz='center', anchorVert='center', antialias=True, autoDraw=False, autoLog=True, bold=False, color=array([1., 1., 1.]), colorSpace='rgb', contrast=1.0, depth=0, draggable=False, flipHoriz=False, flipVert=False, font='', fontFiles=[], height=np.float64(0.04), italic=False, languageStyle='LTR', name='unnamed TextStim', opacity=1.0, ori=0.0, pos=array([0., 0.]), rgb=UNKNOWN, text='Please wait\n\n', units='height', win=Window(...), wrapWidth=1)
123.7138 	WARNING 	t of last frame was 269.13ms (=1/3)
123.7138 	EXP 	unnamed TextStim: height = np.float64(0.04)
123.7138 	EXP 	unnamed TextStim: height = np.float64(0.04)
123.7138 	EXP 	unnamed TextStim: height = np.float64(0.04)
123.7138 	EXP 	unnamed TextStim: text = 'We will now practice the Money Game that you will be doing in the scanner.\n\nYour goal is to win money and avoid losing money.\n\n\n\nThis game has many rounds.\n\nEvery round has the same basic order of events.'
127.3665 	DATA 	Keypress: 1
127.3945 	WARNING 	t of last frame was 3680.65ms (=1/0)
127.3945 	EXP 	unnamed TextStim: height = np.float64(0.04)
127.3945 	EXP 	unnamed TextStim: height = np.float64(0.04)
127.3945 	EXP 	unnamed TextStim: height = np.float64(0.04)
127.3945 	EXP 	unnamed TextStim: text = 'First you will see a cross in the middle of the screen, like this:\n\n+\n\nThis means you should focus on the screen and get ready to play. '
129.0079 	DATA 	Keypress: 1
129.0249 	WARNING 	t of last frame was 1630.45ms (=1/0)
129.0249 	EXP 	unnamed TextStim: height = np.float64(0.04)
129.0249 	EXP 	unnamed TextStim: height = np.float64(0.04)
129.0249 	EXP 	unnamed TextStim: height = np.float64(0.04)
129.0249 	EXP 	unnamed TextStim: text = 'Next you will see a cue that tells you if you can win or lose money.\nIt will also tell you how much money you can win or lose for that round.\n\nHere are the 6 possibilities:\n\n\n\n\n\n\n'
130.8525 	DATA 	Keypress: 1
130.8606 	WARNING 	t of last frame was 1835.64ms (=1/0)
130.8606 	EXP 	unnamed TextStim: height = np.float64(0.04)
130.8606 	EXP 	unnamed TextStim: height = np.float64(0.04)
130.8606 	EXP 	unnamed TextStim: height = np.float64(0.04)
130.8606 	EXP 	unnamed TextStim: text = 'Then, you will see another cross in the middle of the screen:\n\n\n\n+'
132.3151 	DATA 	Keypress: 1
132.3235 	EXP 	Created unnamed Polygon = Polygon(__class__=<class 'psychopy.visual.polygon.Polygon'>, anchor=('center', 'center'), autoDraw=False, autoLog=True, closeShape=True, color=method-wrapper(...), colorSpace='rgb', contrast=None, depth=0, draggable=False, fillColor=array([1, 1, 1]), fillColorSpace='rgb', fillRGB=array([1, 1, 1]), interpolate=True, lineColor=array([1., 1., 1.]), lineColorSpace='rgb', lineRGB=array([1, 1, 1]), lineWidth=1.5, name='unnamed Polygon', opacity=1, ori=0.0, pos=array([0. , 0.1]), size=array([1., 1.]), units='height', vertices=ndarray(...), win=Window(...), windingRule=None)
132.3408 	WARNING 	Multiple dropped frames have occurred - I'll stop bothering you about them!
132.3408 	EXP 	unnamed TextStim: height = np.float64(0.04)
132.3408 	EXP 	unnamed TextStim: height = np.float64(0.04)
132.3408 	EXP 	unnamed TextStim: height = np.float64(0.04)
132.3408 	EXP 	unnamed TextStim: text = 'Next, a solid WHITE TRIANGLE will appear VERY BRIEFLY on the screen:\n\n \n\n \n\n \n\nTo win money or avoid losing money you need to press the button while the solid WHITE TRIANGLE is on the screen.'
133.7777 	DATA 	Keypress: 1
133.7894 	EXP 	unnamed TextStim: height = np.float64(0.04)
133.7894 	EXP 	unnamed TextStim: height = np.float64(0.04)
133.7894 	EXP 	unnamed TextStim: height = np.float64(0.04)
133.7894 	EXP 	unnamed TextStim: text = 'For WIN CIRCLES, pressing the button while the solid white triangle is on the screen means you will WIN money.\n\nIf you press too late, you will MISS WINNING money.\n\n\n\n\n\n\n\n'
136.3421 	DATA 	Keypress: 1
136.3547 	EXP 	unnamed TextStim: height = np.float64(0.04)
136.3547 	EXP 	unnamed TextStim: height = np.float64(0.04)
136.3547 	EXP 	unnamed TextStim: height = np.float64(0.04)
136.3547 	EXP 	unnamed TextStim: text = 'For LOSE SQUARES, pressing the button while the solid white triangle is on the screen means you will NOT LOSE money.\n\nIf you press too late, you WILL LOSE money.\n\n\n\n\n\n\n\n'
137.8054 	DATA 	Keypress: 1
137.8213 	EXP 	unnamed TextStim: height = np.float64(0.04)
137.8213 	EXP 	unnamed TextStim: height = np.float64(0.04)
137.8213 	EXP 	unnamed TextStim: height = np.float64(0.04)
137.8213 	EXP 	unnamed TextStim: text = 'Make sure to try and respond to every triangle, including for the £0.00 rounds\n\n\n\n\n\n'
140.0779 	DATA 	Keypress: 1
140.0864 	EXP 	Created unnamed ImageStim = ImageStim(__class__=<class 'psychopy.visual.image.ImageStim'>, anchor=('center', 'center'), autoLog=True, color=array([1., 1., 1.]), colorSpace='rgb', contrast=1.0, depth=0, draggable=False, flipHoriz=np.False_, flipVert=np.False_, image='../stimuli/instructions/feedback_table.png', interpolate=False, mask=None, maskParams=None, name='unnamed ImageStim', opacity=1, ori=0.0, pos=array([ 0.  , -0.05]), size=array([0.4, 0.4]), texRes=128, units='height', win=Window(...))
140.0917 	EXP 	unnamed TextStim: height = np.float64(0.04)
140.0917 	EXP 	unnamed TextStim: height = np.float64(0.04)
140.0917 	EXP 	unnamed TextStim: height = np.float64(0.04)
140.0917 	EXP 	unnamed TextStim: text = 'We will let you know if you pressed the button in time and if you won or lost money for that round\n\n\n\n\n\n'
160.0808 	DATA 	Keypress: 1
160.0874 	EXP 	Created unnamed TextStim = TextStim(__class__=<class 'psychopy.visual.text.TextStim'>, alignHoriz=method-wrapper(...), alignText='center', alignVert=method-wrapper(...), anchorHoriz='center', anchorVert='center', antialias=True, autoDraw=False, autoLog=True, bold=False, color=array([1., 1., 1.]), colorSpace='rgb', contrast=1.0, depth=0, draggable=False, flipHoriz=False, flipVert=False, font='', fontFiles=[], height=np.float64(0.08), italic=False, languageStyle='LTR', name='unnamed TextStim', opacity=1.0, ori=0.0, pos=array([-0.65,  0.15]), rgb=UNKNOWN, text='+', units='height', win=Window(...), wrapWidth=1)
160.0931 	EXP 	Created unnamed ImageStim = ImageStim(__class__=<class 'psychopy.visual.image.ImageStim'>, anchor=('center', 'center'), autoLog=True, color=array([1., 1., 1.]), colorSpace='rgb', contrast=1.0, depth=0, draggable=False, flipHoriz=np.False_, flipVert=np.False_, image='../stimuli/reward_high_200_british.png', interpolate=False, mask=None, maskParams=None, name='unnamed ImageStim', opacity=1, ori=0.0, pos=array([-0.35,  0.15]), size=array([0.2, 0.2]), texRes=128, units='height', win=Window(...))
160.0944 	EXP 	Created unnamed TextStim = TextStim(__class__=<class 'psychopy.visual.text.TextStim'>, alignHoriz=method-wrapper(...), alignText='center', alignVert=method-wrapper(...), anchorHoriz='center', anchorVert='center', antialias=True, autoDraw=False, autoLog=True, bold=False, color=array([1., 1., 1.]), colorSpace='rgb', contrast=1.0, depth=0, draggable=False, flipHoriz=False, flipVert=False, font='', fontFiles=[], height=np.float64(0.08), italic=False, languageStyle='LTR', name='unnamed TextStim', opacity=1.0, ori=0.0, pos=array([-0.15,  0.15]), rgb=UNKNOWN, text='+', units='height', win=Window(...), wrapWidth=1)
160.0960 	EXP 	Created unnamed Polygon = Polygon(__class__=<class 'psychopy.visual.polygon.Polygon'>, anchor=('center', 'center'), autoDraw=False, autoLog=True, closeShape=True, color=method-wrapper(...), colorSpace='rgb', contrast=None, depth=0, draggable=False, fillColor=array([1, 1, 1]), fillColorSpace='rgb', fillRGB=array([1, 1, 1]), interpolate=True, lineColor=array([1., 1., 1.]), lineColorSpace='rgb', lineRGB=array([1, 1, 1]), lineWidth=1.5, name='unnamed Polygon', opacity=1, ori=0.0, pos=array([0.15, 0.15]), size=array([1., 1.]), units='height', vertices=ndarray(...), win=Window(...), windingRule=None)
160.0971 	EXP 	Created unnamed TextStim = TextStim(__class__=<class 'psychopy.visual.text.TextStim'>, alignHoriz=method-wrapper(...), alignText='center', alignVert=method-wrapper(...), anchorHoriz='center', anchorVert='center', antialias=True, autoDraw=False, autoLog=True, bold=False, color=array([1., 1., 1.]), colorSpace='rgb', contrast=1.0, depth=0, draggable=False, flipHoriz=False, flipVert=False, font='', fontFiles=[], height=np.float64(0.08), italic=False, languageStyle='LTR', name='unnamed TextStim', opacity=1.0, ori=0.0, pos=array([0.35, 0.15]), rgb=UNKNOWN, text='+', units='height', win=Window(...), wrapWidth=1)
160.1005 	EXP 	Created unnamed TextStim = TextStim(__class__=<class 'psychopy.visual.text.TextStim'>, alignHoriz=method-wrapper(...), alignText='center', alignVert=method-wrapper(...), anchorHoriz='center', anchorVert='center', antialias=True, autoDraw=False, autoLog=True, bold=False, color=array([1., 1., 1.]), colorSpace='rgb', contrast=1.0, depth=0, draggable=False, flipHoriz=False, flipVert=False, font='', fontFiles=[], height=np.float64(0.08), italic=False, languageStyle='LTR', name='unnamed TextStim', opacity=1.0, ori=0.0, pos=array([0.65, 0.15]), rgb=UNKNOWN, text='Hit!\n+£2.00', units='height', win=Window(...), wrapWidth=1)
160.1035 	EXP 	Created unnamed TextStim = TextStim(__class__=<class 'psychopy.visual.text.TextStim'>, alignHoriz=method-wrapper(...), alignText='center', alignVert=method-wrapper(...), anchorHoriz='center', anchorVert='center', antialias=True, autoDraw=False, autoLog=True, bold=False, color=array([1., 1., 1.]), colorSpace='rgb', contrast=1.0, depth=0, draggable=False, flipHoriz=False, flipVert=False, font='', fontFiles=[], height=np.float64(0.04), italic=False, languageStyle='LTR', name='unnamed TextStim', opacity=1.0, ori=0.0, pos=array([-0.65, -0.15]), rgb=UNKNOWN, text='Pay attention', units='height', win=Window(...), wrapWidth=0.15)
160.1065 	EXP 	Created unnamed TextStim = TextStim(__class__=<class 'psychopy.visual.text.TextStim'>, alignHoriz=method-wrapper(...), alignText='center', alignVert=method-wrapper(...), anchorHoriz='center', anchorVert='center', antialias=True, autoDraw=False, autoLog=True, bold=False, color=array([1., 1., 1.]), colorSpace='rgb', contrast=1.0, depth=0, draggable=False, flipHoriz=False, flipVert=False, font='', fontFiles=[], height=np.float64(0.04), italic=False, languageStyle='LTR', name='unnamed TextStim', opacity=1.0, ori=0.0, pos=array([-0.35, -0.15]), rgb=UNKNOWN, text="Cue: don't respond yet", units='height', win=Window(...), wrapWidth=0.15)
160.1080 	EXP 	Created unnamed TextStim = TextStim(__class__=<class 'psychopy.visual.text.TextStim'>, alignHoriz=method-wrapper(...), alignText='center', alignVert=method-wrapper(...), anchorHoriz='center', anchorVert='center', antialias=True, autoDraw=False, autoLog=True, bold=False, color=array([1., 1., 1.]), colorSpace='rgb', contrast=1.0, depth=0, draggable=False, flipHoriz=False, flipVert=False, font='', fontFiles=[], height=np.float64(0.04), italic=False, languageStyle='LTR', name='unnamed TextStim', opacity=1.0, ori=0.0, pos=array([-0.15, -0.15]), rgb=UNKNOWN, text='Pay attention', units='height', win=Window(...), wrapWidth=0.15)
160.1109 	EXP 	Created unnamed TextStim = TextStim(__class__=<class 'psychopy.visual.text.TextStim'>, alignHoriz=method-wrapper(...), alignText='center', alignVert=method-wrapper(...), anchorHoriz='center', anchorVert='center', antialias=True, autoDraw=False, autoLog=True, bold=False, color=array([1., 1., 1.]), colorSpace='rgb', contrast=1.0, depth=0, draggable=False, flipHoriz=False, flipVert=False, font='', fontFiles=[], height=np.float64(0.04), italic=False, languageStyle='LTR', name='unnamed TextStim', opacity=1.0, ori=0.0, pos=array([ 0.15, -0.15]), rgb=UNKNOWN, text='Respond when solid triangle is on screen', units='height', win=Window(...), wrapWidth=0.15)
160.1124 	EXP 	Created unnamed TextStim = TextStim(__class__=<class 'psychopy.visual.text.TextStim'>, alignHoriz=method-wrapper(...), alignText='center', alignVert=method-wrapper(...), anchorHoriz='center', anchorVert='center', antialias=True, autoDraw=False, autoLog=True, bold=False, color=array([1., 1., 1.]), colorSpace='rgb', contrast=1.0, depth=0, draggable=False, flipHoriz=False, flipVert=False, font='', fontFiles=[], height=np.float64(0.04), italic=False, languageStyle='LTR', name='unnamed TextStim', opacity=1.0, ori=0.0, pos=array([ 0.35, -0.15]), rgb=UNKNOWN, text='Pay attention', units='height', win=Window(...), wrapWidth=0.15)
160.1141 	EXP 	Created unnamed TextStim = TextStim(__class__=<class 'psychopy.visual.text.TextStim'>, alignHoriz=method-wrapper(...), alignText='center', alignVert=method-wrapper(...), anchorHoriz='center', anchorVert='center', antialias=True, autoDraw=False, autoLog=True, bold=False, color=array([1., 1., 1.]), colorSpace='rgb', contrast=1.0, depth=0, draggable=False, flipHoriz=False, flipVert=False, font='', fontFiles=[], height=np.float64(0.04), italic=False, languageStyle='LTR', name='unnamed TextStim', opacity=1.0, ori=0.0, pos=array([ 0.65, -0.15]), rgb=UNKNOWN, text='Feedback', units='height', win=Window(...), wrapWidth=0.15)
160.1248 	EXP 	unnamed TextStim: height = np.float64(0.04)
160.1248 	EXP 	unnamed TextStim: height = np.float64(0.04)
160.1248 	EXP 	unnamed TextStim: height = np.float64(0.04)
160.1248 	EXP 	unnamed TextStim: text = 'During each round, this is the order that you will see things happen:\n\n\n\n\n\n\n\n\n\n'
168.6533 	DATA 	Keypress: 1
168.6750 	EXP 	unnamed TextStim: height = np.float64(0.04)
168.6750 	EXP 	unnamed TextStim: height = np.float64(0.04)
168.6750 	EXP 	unnamed TextStim: height = np.float64(0.04)
168.6750 	EXP 	unnamed TextStim: text = 'Major points to remember:\n\n1. Do not press the button on the win circles, lose squares, or the crosses. Just respond to the SOLID WHITE TRIANGLES.\n\n2. Try to press the button EVERY time you see the solid white triangle.\n\n3. The SOLID WHITE TRIANGLE appears VERY BRIEFLY, so you will have to press the button QUICKLY when you see it.\n\n4. Things move fast in this game, so you will want to keep your finger on the button, ready to respond.'
170.3405 	DATA 	Keypress: 1
170.3490 	EXP 	unnamed TextStim: height = np.float64(0.04)
170.3490 	EXP 	unnamed TextStim: height = np.float64(0.04)
170.3490 	EXP 	unnamed TextStim: height = np.float64(0.04)
170.3490 	EXP 	unnamed TextStim: text = 'Any Questions?\n\nPlease ask them now.'
170.9478 	DATA 	Keypress: 1
171.3980 	DATA 	Keypress: 1
173.0178 	DATA 	Keypress: return
178.3313 	DATA 	Keypress: 1
182.0694 	EXP 	unnamed Polygon: autoDraw = True
182.0694 	EXP 	unnamed Polygon: autoDraw = True
182.0784 	EXP 	unnamed Polygon: autoDraw = True
182.0830 	EXP 	unnamed Polygon: autoDraw = True
182.0948 	EXP 	unnamed Polygon: autoDraw = True
182.0998 	EXP 	unnamed Polygon: autoDraw = True
182.1117 	EXP 	unnamed Polygon: autoDraw = True
182.1166 	EXP 	unnamed Polygon: autoDraw = True
182.1284 	EXP 	unnamed Polygon: autoDraw = True
182.1339 	EXP 	unnamed Polygon: autoDraw = True
182.1447 	EXP 	unnamed Polygon: autoDraw = True
182.1502 	EXP 	unnamed Polygon: autoDraw = True
182.1615 	EXP 	unnamed Polygon: autoDraw = True
182.1669 	EXP 	unnamed Polygon: autoDraw = True
182.1782 	EXP 	unnamed Polygon: autoDraw = True
182.1837 	EXP 	unnamed Polygon: autoDraw = True
182.1949 	EXP 	unnamed Polygon: autoDraw = True
182.2004 	EXP 	unnamed Polygon: autoDraw = True
182.2116 	EXP 	unnamed Polygon: autoDraw = True
182.2169 	EXP 	unnamed Polygon: autoDraw = True
182.2284 	EXP 	unnamed Polygon: autoDraw = True
182.2339 	EXP 	unnamed Polygon: autoDraw = True
182.2448 	EXP 	unnamed Polygon: autoDraw = True
182.2502 	EXP 	unnamed Polygon: autoDraw = True
182.2617 	EXP 	unnamed Polygon: autoDraw = True
182.2671 	EXP 	unnamed Polygon: autoDraw = True
182.2782 	EXP 	unnamed Polygon: autoDraw = True
182.2836 	EXP 	unnamed Polygon: autoDraw = True
182.2948 	EXP 	unnamed Polygon: autoDraw = True
182.3003 	EXP 	unnamed Polygon: autoDraw = True
182.3117 	EXP 	unnamed Polygon: autoDraw = True
182.3161 	DATA 	Keypress: 1
182.3219 	EXP 	unnamed Polygon: autoDraw = True
182.3278 	EXP 	unnamed Polygon: autoDraw = True
182.3320 	EXP 	unnamed Polygon: autoDraw = True
182.3450 	EXP 	unnamed Polygon: autoDraw = True
182.3501 	EXP 	unnamed Polygon: autoDraw = True
182.3617 	EXP 	unnamed Polygon: autoDraw = True
182.3669 	EXP 	unnamed Polygon: autoDraw = True
182.3781 	EXP 	unnamed Polygon: autoDraw = True
182.3832 	EXP 	unnamed Polygon: autoDraw = True
182.3948 	EXP 	unnamed Polygon: autoDraw = True
182.3998 	EXP 	unnamed Polygon: autoDraw = True
182.4116 	EXP 	unnamed Polygon: autoDraw = True
182.4176 	EXP 	unnamed Polygon: autoDraw = True
182.4282 	EXP 	unnamed Polygon: autoDraw = True
182.4334 	EXP 	unnamed Polygon: autoDraw = True
182.4448 	EXP 	unnamed Polygon: autoDraw = True
182.4500 	EXP 	unnamed Polygon: autoDraw = True
182.4617 	EXP 	unnamed Polygon: autoDraw = True
182.4672 	EXP 	unnamed Polygon: autoDraw = True
182.4784 	EXP 	unnamed Polygon: autoDraw = True
182.4840 	EXP 	unnamed Polygon: autoDraw = True
182.4950 	EXP 	unnamed Polygon: autoDraw = True
182.5005 	EXP 	unnamed Polygon: autoDraw = True
182.5115 	EXP 	unnamed Polygon: autoDraw = True
182.5169 	EXP 	unnamed Polygon: autoDraw = True
182.5284 	EXP 	unnamed Polygon: autoDraw = True
182.5339 	EXP 	unnamed Polygon: autoDraw = True
182.5450 	EXP 	unnamed Polygon: autoDraw = True
182.5504 	EXP 	unnamed Polygon: autoDraw = True
182.5617 	EXP 	unnamed Polygon: autoDraw = True
182.5743 	EXP 	unnamed Polygon: autoDraw = False
184.3119 	EXP 	trial_feedback: height = np.float64(0.09)
184.3119 	EXP 	trial_feedback: height = np.float64(0.09)
184.3119 	EXP 	trial_feedback: height = np.float64(0.09)
184.3119 	EXP 	trial_feedback: text = 'Hit!\n£0.00'
184.3119 	EXP 	trial_feedback: autoDraw = True
186.2953 	EXP 	trial_feedback: autoDraw = False
186.3030 	EXP 	trial_feedback: autoDraw = False
186.3030 	EXP 	exp_feedback: autoDraw = False
187.7893 	DATA 	Keypress: escape
187.7900 	WARNING 	Escape pressed, exiting early!
187.7900 	WARNING 	Total earnings: 0
